Archive member included to satisfy reference by file (symbol)

/Applications/STM32CubeIDE.app/Contents/Eclipse/plugins/com.st.stm32cube.ide.mcu.externaltools.gnu-tools-for-stm32.7-2018-q2-update.macos64_1.5.0.202011040924/tools/bin/../lib/gcc/arm-none-eabi/7.3.1/../../../../arm-none-eabi/lib/thumb/v7e-m/fpv5/hard/libc_nano.a(lib_a-errno.o)
                              Core/Src/syscalls.o (__errno)
/Applications/STM32CubeIDE.app/Contents/Eclipse/plugins/com.st.stm32cube.ide.mcu.externaltools.gnu-tools-for-stm32.7-2018-q2-update.macos64_1.5.0.202011040924/tools/bin/../lib/gcc/arm-none-eabi/7.3.1/../../../../arm-none-eabi/lib/thumb/v7e-m/fpv5/hard/libc_nano.a(lib_a-exit.o)
                              /Applications/STM32CubeIDE.app/Contents/Eclipse/plugins/com.st.stm32cube.ide.mcu.externaltools.gnu-tools-for-stm32.7-2018-q2-update.macos64_1.5.0.202011040924/tools/bin/../lib/gcc/arm-none-eabi/7.3.1/../../../../arm-none-eabi/lib/thumb/v7e-m/fpv5/hard/crt0.o (exit)
/Applications/STM32CubeIDE.app/Contents/Eclipse/plugins/com.st.stm32cube.ide.mcu.externaltools.gnu-tools-for-stm32.7-2018-q2-update.macos64_1.5.0.202011040924/tools/bin/../lib/gcc/arm-none-eabi/7.3.1/../../../../arm-none-eabi/lib/thumb/v7e-m/fpv5/hard/libc_nano.a(lib_a-impure.o)
                              /Applications/STM32CubeIDE.app/Contents/Eclipse/plugins/com.st.stm32cube.ide.mcu.externaltools.gnu-tools-for-stm32.7-2018-q2-update.macos64_1.5.0.202011040924/tools/bin/../lib/gcc/arm-none-eabi/7.3.1/../../../../arm-none-eabi/lib/thumb/v7e-m/fpv5/hard/libc_nano.a(lib_a-exit.o) (_global_impure_ptr)
/Applications/STM32CubeIDE.app/Contents/Eclipse/plugins/com.st.stm32cube.ide.mcu.externaltools.gnu-tools-for-stm32.7-2018-q2-update.macos64_1.5.0.202011040924/tools/bin/../lib/gcc/arm-none-eabi/7.3.1/../../../../arm-none-eabi/lib/thumb/v7e-m/fpv5/hard/libc_nano.a(lib_a-init.o)
                              /Applications/STM32CubeIDE.app/Contents/Eclipse/plugins/com.st.stm32cube.ide.mcu.externaltools.gnu-tools-for-stm32.7-2018-q2-update.macos64_1.5.0.202011040924/tools/bin/../lib/gcc/arm-none-eabi/7.3.1/../../../../arm-none-eabi/lib/thumb/v7e-m/fpv5/hard/crt0.o (__libc_init_array)
/Applications/STM32CubeIDE.app/Contents/Eclipse/plugins/com.st.stm32cube.ide.mcu.externaltools.gnu-tools-for-stm32.7-2018-q2-update.macos64_1.5.0.202011040924/tools/bin/../lib/gcc/arm-none-eabi/7.3.1/../../../../arm-none-eabi/lib/thumb/v7e-m/fpv5/hard/libc_nano.a(lib_a-malloc.o)
                              Middlewares/ST/STM32_USB_Device_Library/Class/CDC/Src/usbd_cdc.o (malloc)
/Applications/STM32CubeIDE.app/Contents/Eclipse/plugins/com.st.stm32cube.ide.mcu.externaltools.gnu-tools-for-stm32.7-2018-q2-update.macos64_1.5.0.202011040924/tools/bin/../lib/gcc/arm-none-eabi/7.3.1/../../../../arm-none-eabi/lib/thumb/v7e-m/fpv5/hard/libc_nano.a(lib_a-memcpy-stub.o)
                              USB_DEVICE/App/usbd_cdc_if.o (memcpy)
/Applications/STM32CubeIDE.app/Contents/Eclipse/plugins/com.st.stm32cube.ide.mcu.externaltools.gnu-tools-for-stm32.7-2018-q2-update.macos64_1.5.0.202011040924/tools/bin/../lib/gcc/arm-none-eabi/7.3.1/../../../../arm-none-eabi/lib/thumb/v7e-m/fpv5/hard/libc_nano.a(lib_a-memset.o)
                              /Applications/STM32CubeIDE.app/Contents/Eclipse/plugins/com.st.stm32cube.ide.mcu.externaltools.gnu-tools-for-stm32.7-2018-q2-update.macos64_1.5.0.202011040924/tools/bin/../lib/gcc/arm-none-eabi/7.3.1/../../../../arm-none-eabi/lib/thumb/v7e-m/fpv5/hard/crt0.o (memset)
/Applications/STM32CubeIDE.app/Contents/Eclipse/plugins/com.st.stm32cube.ide.mcu.externaltools.gnu-tools-for-stm32.7-2018-q2-update.macos64_1.5.0.202011040924/tools/bin/../lib/gcc/arm-none-eabi/7.3.1/../../../../arm-none-eabi/lib/thumb/v7e-m/fpv5/hard/libc_nano.a(lib_a-nano-freer.o)
                              /Applications/STM32CubeIDE.app/Contents/Eclipse/plugins/com.st.stm32cube.ide.mcu.externaltools.gnu-tools-for-stm32.7-2018-q2-update.macos64_1.5.0.202011040924/tools/bin/../lib/gcc/arm-none-eabi/7.3.1/../../../../arm-none-eabi/lib/thumb/v7e-m/fpv5/hard/libc_nano.a(lib_a-malloc.o) (_free_r)
/Applications/STM32CubeIDE.app/Contents/Eclipse/plugins/com.st.stm32cube.ide.mcu.externaltools.gnu-tools-for-stm32.7-2018-q2-update.macos64_1.5.0.202011040924/tools/bin/../lib/gcc/arm-none-eabi/7.3.1/../../../../arm-none-eabi/lib/thumb/v7e-m/fpv5/hard/libc_nano.a(lib_a-nano-mallocr.o)
                              /Applications/STM32CubeIDE.app/Contents/Eclipse/plugins/com.st.stm32cube.ide.mcu.externaltools.gnu-tools-for-stm32.7-2018-q2-update.macos64_1.5.0.202011040924/tools/bin/../lib/gcc/arm-none-eabi/7.3.1/../../../../arm-none-eabi/lib/thumb/v7e-m/fpv5/hard/libc_nano.a(lib_a-malloc.o) (_malloc_r)
/Applications/STM32CubeIDE.app/Contents/Eclipse/plugins/com.st.stm32cube.ide.mcu.externaltools.gnu-tools-for-stm32.7-2018-q2-update.macos64_1.5.0.202011040924/tools/bin/../lib/gcc/arm-none-eabi/7.3.1/../../../../arm-none-eabi/lib/thumb/v7e-m/fpv5/hard/libc_nano.a(lib_a-sbrkr.o)
[...]
Memory Configuration

Name             Origin             Length             Attributes
DTCMRAM          0x0000000020000000 0x0000000000020000 xrw
ITCMRAM          0x0000000000000000 0x0000000000010000 xrw
RAM_D1           0x0000000024000000 0x0000000000080000 xrw
RAM_D2           0x0000000030000000 0x0000000000048000 xrw
RAM_D3           0x0000000038000000 0x0000000000010000 xrw
FLASH            0x0000000008000000 0x0000000000200000 xr
*default*        0x0000000000000000 0xffffffffffffffff

Linker script and memory map

LOAD /Applications/STM32CubeIDE.app/Contents/Eclipse/plugins/com.st.stm32cube.ide.mcu.externaltools.gnu-tools-for-stm32.7-2018-q2-update.macos64_1.5.0.202011040924/tools/bin/../lib/gcc/arm-none-eabi/7.3.1/thumb/v7e-m/fpv5/hard/crti.o
LOAD /Applications/STM32CubeIDE.app/Contents/Eclipse/plugins/com.st.stm32cube.ide.mcu.externaltools.gnu-tools-for-stm32.7-2018-q2-update.macos64_1.5.0.202011040924/tools/bin/../lib/gcc/arm-none-eabi/7.3.1/thumb/v7e-m/fpv5/hard/crtbegin.o
LOAD /Applications/STM32CubeIDE.app/Contents/Eclipse/plugins/com.st.stm32cube.ide.mcu.externaltools.gnu-tools-for-stm32.7-2018-q2-update.macos64_1.5.0.202011040924/tools/bin/../lib/gcc/arm-none-eabi/7.3.1/../../../../arm-none-eabi/lib/thumb/v7e-m/fpv5/hard/crt0.o
LOAD Core/Src/eth.o
LOAD Core/Src/gpio.o
LOAD Core/Src/main.o
LOAD Core/Src/stm32h7xx_hal_msp.o
LOAD Core/Src/stm32h7xx_it.o
LOAD Core/Src/syscalls.o
LOAD Core/Src/sysmem.o
LOAD Core/Src/system_stm32h7xx.o
LOAD Core/Src/usart.o
LOAD Core/Startup/startup_stm32h743zitx.o
LOAD Drivers/STM32H7xx_HAL_Driver/Src/stm32h7xx_hal.o
LOAD Drivers/STM32H7xx_HAL_Driver/Src/stm32h7xx_hal_cortex.o
LOAD Drivers/STM32H7xx_HAL_Driver/Src/stm32h7xx_hal_dma.o
LOAD Drivers/STM32H7xx_HAL_Driver/Src/stm32h7xx_hal_dma_ex.o
LOAD Drivers/STM32H7xx_HAL_Driver/Src/stm32h7xx_hal_eth.o
LOAD Drivers/STM32H7xx_HAL_Driver/Src/stm32h7xx_hal_eth_ex.o
LOAD Drivers/STM32H7xx_HAL_Driver/Src/stm32h7xx_hal_exti.o
LOAD Drivers/STM32H7xx_HAL_Driver/Src/stm32h7xx_hal_flash.o
LOAD Drivers/STM32H7xx_HAL_Driver/Src/stm32h7xx_hal_flash_ex.o
LOAD Drivers/STM32H7xx_HAL_Driver/Src/stm32h7xx_hal_gpio.o
LOAD Drivers/STM32H7xx_HAL_Driver/Src/stm32h7xx_hal_hsem.o
LOAD Drivers/STM32H7xx_HAL_Driver/Src/stm32h7xx_hal_i2c.o
LOAD Drivers/STM32H7xx_HAL_Driver/Src/stm32h7xx_hal_i2c_ex.o
LOAD Drivers/STM32H7xx_HAL_Driver/Src/stm32h7xx_hal_mdma.o
LOAD Drivers/STM32H7xx_HAL_Driver/Src/stm32h7xx_hal_pcd.o
LOAD Drivers/STM32H7xx_HAL_Driver/Src/stm32h7xx_hal_pcd_ex.o
LOAD Drivers/STM32H7xx_HAL_Driver/Src/stm32h7xx_hal_pwr.o
LOAD Drivers/STM32H7xx_HAL_Driver/Src/stm32h7xx_hal_pwr_ex.o
LOAD Drivers/STM32H7xx_HAL_Driver/Src/stm32h7xx_hal_rcc.o
LOAD Drivers/STM32H7xx_HAL_Driver/Src/stm32h7xx_hal_rcc_ex.o
LOAD Drivers/STM32H7xx_HAL_Driver/Src/stm32h7xx_hal_tim.o
LOAD Drivers/STM32H7xx_HAL_Driver/Src/stm32h7xx_hal_tim_ex.o
LOAD Drivers/STM32H7xx_HAL_Driver/Src/stm32h7xx_hal_uart.o
LOAD Drivers/STM32H7xx_HAL_Driver/Src/stm32h7xx_hal_uart_ex.o
LOAD Drivers/STM32H7xx_HAL_Driver/Src/stm32h7xx_ll_usb.o
LOAD Middlewares/ST/STM32_USB_Device_Library/Class/CDC/Src/usbd_cdc.o
LOAD Middlewares/ST/STM32_USB_Device_Library/Core/Src/usbd_core.o
LOAD Middlewares/ST/STM32_USB_Device_Library/Core/Src/usbd_ctlreq.o
LOAD Middlewares/ST/STM32_USB_Device_Library/Core/Src/usbd_ioreq.o
LOAD USB_DEVICE/App/usb_device.o
LOAD USB_DEVICE/App/usbd_cdc_if.o
LOAD USB_DEVICE/App/usbd_desc.o
LOAD USB_DEVICE/Target/usbd_conf.o
START GROUP
LOAD /Applications/STM32CubeIDE.app/Contents/Eclipse/plugins/com.st.stm32cube.ide.mcu.externaltools.gnu-tools-for-stm32.7-2018-q2-update.macos64_1.5.0.202011040924/tools/bin/../lib/gcc/arm-none-eabi/7.3.1/../../../../arm-none-eabi/lib/thumb/v7e-m/fpv5/hard/libc_nano.a
LOAD /Applications/STM32CubeIDE.app/Contents/Eclipse/plugins/com.st.stm32cube.ide.mcu.externaltools.gnu-tools-for-stm32.7-2018-q2-update.macos64_1.5.0.202011040924/tools/bin/../lib/gcc/arm-none-eabi/7.3.1/../../../../arm-none-eabi/lib/thumb/v7e-m/fpv5/hard/libm.a
END GROUP
START GROUP
LOAD /Applications/STM32CubeIDE.app/Contents/Eclipse/plugins/com.st.stm32cube.ide.mcu.externaltools.gnu-tools-for-stm32.7-2018-q2-update.macos64_1.5.0.202011040924/tools/bin/../lib/gcc/arm-none-eabi/7.3.1/thumb/v7e-m/fpv5/hard/libgcc.a
LOAD /Applications/STM32CubeIDE.app/Contents/Eclipse/plugins/com.st.stm32cube.ide.mcu.externaltools.gnu-tools-for-stm32.7-2018-q2-update.macos64_1.5.0.202011040924/tools/bin/../lib/gcc/arm-none-eabi/7.3.1/../../../../arm-none-eabi/lib/thumb/v7e-m/fpv5/hard/libc_nano.a
END GROUP
START GROUP
LOAD /Applications/STM32CubeIDE.app/Contents/Eclipse/plugins/com.st.stm32cube.ide.mcu.externaltools.gnu-tools-for-stm32.7-2018-q2-update.macos64_1.5.0.202011040924/tools/bin/../lib/gcc/arm-none-eabi/7.3.1/thumb/v7e-m/fpv5/hard/libgcc.a
LOAD /Applications/STM32CubeIDE.app/Contents/Eclipse/plugins/com.st.stm32cube.ide.mcu.externaltools.gnu-tools-for-stm32.7-2018-q2-update.macos64_1.5.0.202011040924/tools/bin/../lib/gcc/arm-none-eabi/7.3.1/../../../../arm-none-eabi/lib/thumb/v7e-m/fpv5/hard/libc_nano.a
LOAD /Applications/STM32CubeIDE.app/Contents/Eclipse/plugins/com.st.stm32cube.ide.mcu.externaltools.gnu-tools-for-stm32.7-2018-q2-update.macos64_1.5.0.202011040924/tools/bin/../lib/gcc/arm-none-eabi/7.3.1/../../../../arm-none-eabi/lib/thumb/v7e-m/fpv5/hard/libnosys.a
END GROUP
START GROUP
LOAD /Applications/STM32CubeIDE.app/Contents/Eclipse/plugins/com.st.stm32cube.ide.mcu.externaltools.gnu-tools-for-stm32.7-2018-q2-update.macos64_1.5.0.202011040924/tools/bin/../lib/gcc/arm-none-eabi/7.3.1/thumb/v7e-m/fpv5/hard/libgcc.a
LOAD /Applications/STM32CubeIDE.app/Contents/Eclipse/plugins/com.st.stm32cube.ide.mcu.externaltools.gnu-tools-for-stm32.7-2018-q2-update.macos64_1.5.0.202011040924/tools/bin/../lib/gcc/arm-none-eabi/7.3.1/../../../../arm-none-eabi/lib/thumb/v7e-m/fpv5/hard/libc_nano.a
LOAD /Applications/STM32CubeIDE.app/Contents/Eclipse/plugins/com.st.stm32cube.ide.mcu.externaltools.gnu-tools-for-stm32.7-2018-q2-update.macos64_1.5.0.202011040924/tools/bin/../lib/gcc/arm-none-eabi/7.3.1/../../../../arm-none-eabi/lib/thumb/v7e-m/fpv5/hard/libnosys.a
END GROUP
LOAD /Applications/STM32CubeIDE.app/Contents/Eclipse/plugins/com.st.stm32cube.ide.mcu.externaltools.gnu-tools-for-stm32.7-2018-q2-update.macos64_1.5.0.202011040924/tools/bin/../lib/gcc/arm-none-eabi/7.3.1/thumb/v7e-m/fpv5/hard/crtend.o
LOAD /Applications/STM32CubeIDE.app/Contents/Eclipse/plugins/com.st.stm32cube.ide.mcu.externaltools.gnu-tools-for-stm32.7-2018-q2-update.macos64_1.5.0.202011040924/tools/bin/../lib/gcc/arm-none-eabi/7.3.1/thumb/v7e-m/fpv5/hard/crtn.o
                0x0000000024080000                _estack = (ORIGIN (RAM_D1) + LENGTH (RAM_D1))
                0x0000000000000200                _Min_Heap_Size = 0x200
                0x0000000000000400                _Min_Stack_Size = 0x400

.isr_vector     0x0000000008000000      0x298
                0x0000000008000000                . = ALIGN (0x4)
 *(.isr_vector)
 .isr_vector    0x0000000008000000      0x298 Core/Startup/startup_stm32h743zitx.o
                0x0000000008000000                g_pfnVectors
                0x0000000008000298                . = ALIGN (0x4)

.text           0x0000000008000298     0xa154
                0x0000000008000298                . = ALIGN (0x4)
 *(.text)
 .text          0x0000000008000298       0x40 /Applications/STM32CubeIDE.app/Contents/Eclipse/plugins/com.st.stm32cube.ide.mcu.externaltools.gnu-tools-for-stm32.7-2018-q2-update.macos64_1.5.0.202011040924/tools/bin/../lib/gcc/arm-none-eabi/7.3.1/thumb/v7e-m/fpv5/hard/crtbegin.o
 .text          0x00000000080002d8       0x30 /Applications/STM32CubeIDE.app/Contents/Eclipse/plugins/com.st.stm32cube.ide.mcu.externaltools.gnu-tools-for-stm32.7-2018-q2-update.macos64_1.5.0.202011040924/tools/bin/../lib/gcc/arm-none-eabi/7.3.1/thumb/v7e-m/fpv5/hard/libgcc.a(_aeabi_uldivmod.o)
                0x00000000080002d8                __aeabi_uldivmod
 .text          0x0000000008000308      0x2cc /Applications/STM32CubeIDE.app/Contents/Eclipse/plugins/com.st.stm32cube.ide.mcu.externaltools.gnu-tools-for-stm32.7-2018-q2-update.macos64_1.5.0.202011040924/tools/bin/../lib/gcc/arm-none-eabi/7.3.1/thumb/v7e-m/fpv5/hard/libgcc.a(_udivmoddi4.o)
                0x0000000008000308                __udivmoddi4
 .text          0x00000000080005d4        0x4 /Applications/STM32CubeIDE.app/Contents/Eclipse/plugins/com.st.stm32cube.ide.mcu.externaltools.gnu-tools-for-stm32.7-2018-q2-update.macos64_1.5.0.202011040924/tools/bin/../lib/gcc/arm-none-eabi/7.3.1/thumb/v7e-m/fpv5/hard/libgcc.a(_dvmd_tls.o)
                0x00000000080005d4                __aeabi_ldiv0
                0x00000000080005d4                __aeabi_idiv0
 *(.text*)
 .text.MX_ETH_Init
                0x00000000080005d8       0xa4 Core/Src/eth.o
                0x00000000080005d8                MX_ETH_Init
 .text.HAL_ETH_MspInit
                0x000000000800067c      0x19c Core/Src/eth.o
                0x000000000800067c                HAL_ETH_MspInit
 .text.MX_GPIO_Init
                0x0000000008000818      0x1b8 Core/Src/gpio.o
                0x0000000008000818                MX_GPIO_Init
 .text.main     0x00000000080009d0       0x1e Core/Src/main.o
                0x00000000080009d0                main
 *fill*         0x00000000080009ee        0x2 
 .text.SystemClock_Config
                0x00000000080009f0      0x180 Core/Src/main.o
                0x00000000080009f0                SystemClock_Config
 .text.Error_Handler
                0x0000000008000b70        0x8 Core/Src/main.o
                0x0000000008000b70                Error_Handler
 .text.HAL_MspInit
                0x0000000008000b78       0x34 Core/Src/stm32h7xx_hal_msp.o
                0x0000000008000b78                HAL_MspInit
 .text.NMI_Handler
                0x0000000008000bac        0x6 Core/Src/stm32h7xx_it.o
                0x0000000008000bac                NMI_Handler
 .text.HardFault_Handler
                0x0000000008000bb2        0x6 Core/Src/stm32h7xx_it.o
                0x0000000008000bb2                HardFault_Handler
 .text.MemManage_Handler
                0x0000000008000bb8        0x6 Core/Src/stm32h7xx_it.o
                0x0000000008000bb8                MemManage_Handler
 .text.BusFault_Handler
                0x0000000008000bbe        0x6 Core/Src/stm32h7xx_it.o
                0x0000000008000bbe                BusFault_Handler
 .text.UsageFault_Handler
                0x0000000008000bc4        0x6 Core/Src/stm32h7xx_it.o
                0x0000000008000bc4                UsageFault_Handler
 .text.SVC_Handler
                0x0000000008000bca        0xe Core/Src/stm32h7xx_it.o
                0x0000000008000bca                SVC_Handler
 .text.DebugMon_Handler
                0x0000000008000bd8        0xe Core/Src/stm32h7xx_it.o
                0x0000000008000bd8                DebugMon_Handler
 .text.PendSV_Handler
                0x0000000008000be6        0xe Core/Src/stm32h7xx_it.o
                0x0000000008000be6                PendSV_Handler
 .text.SysTick_Handler
                0x0000000008000bf4        0xc Core/Src/stm32h7xx_it.o
                0x0000000008000bf4                SysTick_Handler
 .text.OTG_FS_IRQHandler
                0x0000000008000c00       0x14 Core/Src/stm32h7xx_it.o
                0x0000000008000c00                OTG_FS_IRQHandler
 .text._sbrk    0x0000000008000c14       0x6c Core/Src/sysmem.o
                0x0000000008000c14                _sbrk
 .text.SystemInit
                0x0000000008000c80      0x118 Core/Src/system_stm32h7xx.o
                0x0000000008000c80                SystemInit
 .text.MX_USART3_UART_Init
                0x0000000008000d98       0x98 Core/Src/usart.o
                0x0000000008000d98                MX_USART3_UART_Init
 .text.HAL_UART_MspInit
                0x0000000008000e30       0x94 Core/Src/usart.o
                0x0000000008000e30                HAL_UART_MspInit
 .text.Reset_Handler
                0x0000000008000ec4       0x50 Core/Startup/startup_stm32h743zitx.o
                0x0000000008000ec4                Reset_Handler
 .text.Default_Handler
                0x0000000008000f14        0x2 Core/Startup/startup_stm32h743zitx.o
                0x0000000008000f14                DMA1_Stream3_IRQHandler
                0x0000000008000f14                EXTI2_IRQHandler
                0x0000000008000f14                TIM8_CC_IRQHandler
                0x0000000008000f14                HRTIM1_Master_IRQHandler
                0x0000000008000f14                UART8_IRQHandler
                0x0000000008000f14                SPI4_IRQHandler
                0x0000000008000f14                TIM1_CC_IRQHandler
                0x0000000008000f14                BDMA_Channel6_IRQHandler
                0x0000000008000f14                DMA2_Stream5_IRQHandler
                0x0000000008000f14                HRTIM1_FLT_IRQHandler
                0x0000000008000f14                JPEG_IRQHandler
                0x0000000008000f14                DMA1_Stream5_IRQHandler
                0x0000000008000f14                BDMA_Channel1_IRQHandler
                0x0000000008000f14                HRTIM1_TIMD_IRQHandler
                0x0000000008000f14                TAMP_STAMP_IRQHandler
                0x0000000008000f14                EXTI3_IRQHandler
                0x0000000008000f14                LPTIM4_IRQHandler
                0x0000000008000f14                TIM8_TRG_COM_TIM14_IRQHandler
                0x0000000008000f14                LPTIM2_IRQHandler
                0x0000000008000f14                DFSDM1_FLT1_IRQHandler
                0x0000000008000f14                DMAMUX2_OVR_IRQHandler
                0x0000000008000f14                TIM8_UP_TIM13_IRQHandler
                0x0000000008000f14                I2C3_ER_IRQHandler
                0x0000000008000f14                DFSDM1_FLT2_IRQHandler
                0x0000000008000f14                MDMA_IRQHandler
                0x0000000008000f14                LPTIM3_IRQHandler
                0x0000000008000f14                HSEM1_IRQHandler
                0x0000000008000f14                EXTI0_IRQHandler
                0x0000000008000f14                I2C2_EV_IRQHandler
                0x0000000008000f14                DMA1_Stream2_IRQHandler
                0x0000000008000f14                FPU_IRQHandler
                0x0000000008000f14                OTG_HS_WKUP_IRQHandler
                0x0000000008000f14                FDCAN1_IT1_IRQHandler
                0x0000000008000f14                LTDC_ER_IRQHandler
                0x0000000008000f14                DMA2_Stream2_IRQHandler
                0x0000000008000f14                HRTIM1_TIME_IRQHandler
                0x0000000008000f14                SPI1_IRQHandler
                0x0000000008000f14                TIM6_DAC_IRQHandler
                0x0000000008000f14                DCMI_IRQHandler
                0x0000000008000f14                HRTIM1_TIMC_IRQHandler
                0x0000000008000f14                DMA2_Stream3_IRQHandler
                0x0000000008000f14                SAI2_IRQHandler
                0x0000000008000f14                DFSDM1_FLT3_IRQHandler
                0x0000000008000f14                USART6_IRQHandler
                0x0000000008000f14                TIM17_IRQHandler
                0x0000000008000f14                USART3_IRQHandler
                0x0000000008000f14                BDMA_Channel7_IRQHandler
                0x0000000008000f14                LPTIM5_IRQHandler
                0x0000000008000f14                UART5_IRQHandler
                0x0000000008000f14                ADC3_IRQHandler
                0x0000000008000f14                DMA2_Stream0_IRQHandler
                0x0000000008000f14                TIM4_IRQHandler
                0x0000000008000f14                BDMA_Channel2_IRQHandler
                0x0000000008000f14                QUADSPI_IRQHandler
                0x0000000008000f14                I2C1_EV_IRQHandler
                0x0000000008000f14                DMA1_Stream6_IRQHandler
                0x0000000008000f14                DMAMUX1_OVR_IRQHandler
                0x0000000008000f14                DMA1_Stream1_IRQHandler
                0x0000000008000f14                TIM16_IRQHandler
                0x0000000008000f14                UART4_IRQHandler
                0x0000000008000f14                BDMA_Channel5_IRQHandler
                0x0000000008000f14                TIM3_IRQHandler
                0x0000000008000f14                RCC_IRQHandler
                0x0000000008000f14                TIM8_BRK_TIM12_IRQHandler
                0x0000000008000f14                TIM1_TRG_COM_IRQHandler
                0x0000000008000f14                Default_Handler
                0x0000000008000f14                ECC_IRQHandler
                0x0000000008000f14                CEC_IRQHandler
                0x0000000008000f14                EXTI15_10_IRQHandler
                0x0000000008000f14                BDMA_Channel0_IRQHandler
                0x0000000008000f14                ADC_IRQHandler
                0x0000000008000f14                DMA1_Stream7_IRQHandler
                0x0000000008000f14                HRTIM1_TIMA_IRQHandler
                0x0000000008000f14                SPI5_IRQHandler
                0x0000000008000f14                TIM7_IRQHandler
                0x0000000008000f14                SDMMC1_IRQHandler
                0x0000000008000f14                TIM5_IRQHandler
                0x0000000008000f14                DMA2_Stream7_IRQHandler
                0x0000000008000f14                TIM15_IRQHandler
                0x0000000008000f14                PVD_AVD_IRQHandler
                0x0000000008000f14                I2C3_EV_IRQHandler
                0x0000000008000f14                EXTI9_5_IRQHandler
                0x0000000008000f14                RTC_WKUP_IRQHandler
                0x0000000008000f14                LTDC_IRQHandler
                0x0000000008000f14                SAI3_IRQHandler
                0x0000000008000f14                ETH_WKUP_IRQHandler
                0x0000000008000f14                SPDIF_RX_IRQHandler
                0x0000000008000f14                SPI2_IRQHandler
                0x0000000008000f14                OTG_HS_EP1_IN_IRQHandler
                0x0000000008000f14                DMA1_Stream0_IRQHandler
                0x0000000008000f14                CRS_IRQHandler
                0x0000000008000f14                EXTI4_IRQHandler
                0x0000000008000f14                RNG_IRQHandler
                0x0000000008000f14                HRTIM1_TIMB_IRQHandler
                0x0000000008000f14                FDCAN2_IT1_IRQHandler
                0x0000000008000f14                ETH_IRQHandler
                0x0000000008000f14                TIM1_UP_IRQHandler
                0x0000000008000f14                BDMA_Channel4_IRQHandler
                0x0000000008000f14                OTG_HS_EP1_OUT_IRQHandler
                0x0000000008000f14                WWDG_IRQHandler
                0x0000000008000f14                SPI6_IRQHandler
                0x0000000008000f14                MDIOS_IRQHandler
                0x0000000008000f14                I2C4_EV_IRQHandler
                0x0000000008000f14                FDCAN2_IT0_IRQHandler
                0x0000000008000f14                LPUART1_IRQHandler
                0x0000000008000f14                FDCAN1_IT0_IRQHandler
                0x0000000008000f14                TIM2_IRQHandler
                0x0000000008000f14                OTG_FS_WKUP_IRQHandler
                0x0000000008000f14                OTG_HS_IRQHandler
                0x0000000008000f14                DMA2D_IRQHandler
                0x0000000008000f14                TIM1_BRK_IRQHandler
                0x0000000008000f14                EXTI1_IRQHandler
                0x0000000008000f14                SDMMC2_IRQHandler
                0x0000000008000f14                OTG_FS_EP1_OUT_IRQHandler
                0x0000000008000f14                BDMA_Channel3_IRQHandler
                0x0000000008000f14                UART7_IRQHandler
                0x0000000008000f14                MDIOS_WKUP_IRQHandler
                0x0000000008000f14                USART2_IRQHandler
                0x0000000008000f14                DFSDM1_FLT0_IRQHandler
                0x0000000008000f14                SAI4_IRQHandler
                0x0000000008000f14                I2C2_ER_IRQHandler
                0x0000000008000f14                DMA2_Stream1_IRQHandler
                0x0000000008000f14                FLASH_IRQHandler
                0x0000000008000f14                DMA2_Stream4_IRQHandler
                0x0000000008000f14                USART1_IRQHandler
                0x0000000008000f14                SPI3_IRQHandler
                0x0000000008000f14                WAKEUP_PIN_IRQHandler
                0x0000000008000f14                DMA1_Stream4_IRQHandler
                0x0000000008000f14                OTG_FS_EP1_IN_IRQHandler
                0x0000000008000f14                I2C1_ER_IRQHandler
                0x0000000008000f14                FMC_IRQHandler
                0x0000000008000f14                FDCAN_CAL_IRQHandler
                0x0000000008000f14                SWPMI1_IRQHandler
                0x0000000008000f14                COMP1_IRQHandler
                0x0000000008000f14                LPTIM1_IRQHandler
                0x0000000008000f14                I2C4_ER_IRQHandler
                0x0000000008000f14                DMA2_Stream6_IRQHandler
                0x0000000008000f14                SAI1_IRQHandler
                0x0000000008000f14                RTC_Alarm_IRQHandler
 *fill*         0x0000000008000f16        0x2 
 .text.HAL_Init
                0x0000000008000f18       0x78 Drivers/STM32H7xx_HAL_Driver/Src/stm32h7xx_hal.o
                0x0000000008000f18                HAL_Init
 .text.HAL_InitTick
                0x0000000008000f90       0x6c Drivers/STM32H7xx_HAL_Driver/Src/stm32h7xx_hal.o
                0x0000000008000f90                HAL_InitTick
 .text.HAL_IncTick
                0x0000000008000ffc       0x28 Drivers/STM32H7xx_HAL_Driver/Src/stm32h7xx_hal.o
                0x0000000008000ffc                HAL_IncTick
 .text.HAL_GetTick
                0x0000000008001024       0x18 Drivers/STM32H7xx_HAL_Driver/Src/stm32h7xx_hal.o
                0x0000000008001024                HAL_GetTick
 .text.HAL_Delay
                0x000000000800103c       0x44 Drivers/STM32H7xx_HAL_Driver/Src/stm32h7xx_hal.o
                0x000000000800103c                HAL_Delay
 .text.HAL_GetREVID
                0x0000000008001080       0x18 Drivers/STM32H7xx_HAL_Driver/Src/stm32h7xx_hal.o
                0x0000000008001080                HAL_GetREVID
 .text.HAL_SYSCFG_ETHInterfaceSelect
                0x0000000008001098       0x28 Drivers/STM32H7xx_HAL_Driver/Src/stm32h7xx_hal.o
                0x0000000008001098                HAL_SYSCFG_ETHInterfaceSelect
 .text.__NVIC_SetPriorityGrouping
                0x00000000080010c0       0x48 Drivers/STM32H7xx_HAL_Driver/Src/stm32h7xx_hal_cortex.o
 .text.__NVIC_GetPriorityGrouping
                0x0000000008001108       0x1c Drivers/STM32H7xx_HAL_Driver/Src/stm32h7xx_hal_cortex.o
 .text.__NVIC_EnableIRQ
                0x0000000008001124       0x3c Drivers/STM32H7xx_HAL_Driver/Src/stm32h7xx_hal_cortex.o
 .text.__NVIC_SetPriority
                0x0000000008001160       0x54 Drivers/STM32H7xx_HAL_Driver/Src/stm32h7xx_hal_cortex.o
 .text.NVIC_EncodePriority
                0x00000000080011b4       0x66 Drivers/STM32H7xx_HAL_Driver/Src/stm32h7xx_hal_cortex.o
 *fill*         0x000000000800121a        0x2 
 .text.SysTick_Config
                0x000000000800121c       0x44 Drivers/STM32H7xx_HAL_Driver/Src/stm32h7xx_hal_cortex.o
 .text.HAL_NVIC_SetPriorityGrouping
                0x0000000008001260       0x16 Drivers/STM32H7xx_HAL_Driver/Src/stm32h7xx_hal_cortex.o
                0x0000000008001260                HAL_NVIC_SetPriorityGrouping
 .text.HAL_NVIC_SetPriority
                0x0000000008001276       0x34 Drivers/STM32H7xx_HAL_Driver/Src/stm32h7xx_hal_cortex.o
                0x0000000008001276                HAL_NVIC_SetPriority
 .text.HAL_NVIC_EnableIRQ
                0x00000000080012aa       0x1c Drivers/STM32H7xx_HAL_Driver/Src/stm32h7xx_hal_cortex.o
                0x00000000080012aa                HAL_NVIC_EnableIRQ
 .text.HAL_SYSTICK_Config
                0x00000000080012c6       0x18 Drivers/STM32H7xx_HAL_Driver/Src/stm32h7xx_hal_cortex.o
                0x00000000080012c6                HAL_SYSTICK_Config
 *fill*         0x00000000080012de        0x2 
 .text.HAL_ETH_Init
                0x00000000080012e0      0x1b4 Drivers/STM32H7xx_HAL_Driver/Src/stm32h7xx_hal_eth.o
                0x00000000080012e0                HAL_ETH_Init
 .text.ETH_SetMACConfig
                0x0000000008001494      0x238 Drivers/STM32H7xx_HAL_Driver/Src/stm32h7xx_hal_eth.o
 .text.ETH_SetDMAConfig
                0x00000000080016cc      0x10c Drivers/STM32H7xx_HAL_Driver/Src/stm32h7xx_hal_eth.o
 .text.ETH_MACDMAConfig
                0x00000000080017d8      0x13a Drivers/STM32H7xx_HAL_Driver/Src/stm32h7xx_hal_eth.o
 *fill*         0x0000000008001912        0x2 
 .text.ETH_MAC_MDIO_ClkConfig
                0x0000000008001914       0xb0 Drivers/STM32H7xx_HAL_Driver/Src/stm32h7xx_hal_eth.o
 .text.ETH_DMATxDescListInit
                0x00000000080019c4       0x8e Drivers/STM32H7xx_HAL_Driver/Src/stm32h7xx_hal_eth.o
 .text.ETH_DMARxDescListInit
                0x0000000008001a52       0xba Drivers/STM32H7xx_HAL_Driver/Src/stm32h7xx_hal_eth.o
 .text.HAL_GPIO_Init
                0x0000000008001b0c      0x360 Drivers/STM32H7xx_HAL_Driver/Src/stm32h7xx_hal_gpio.o
                0x0000000008001b0c                HAL_GPIO_Init
 .text.HAL_GPIO_WritePin
                0x0000000008001e6c       0x32 Drivers/STM32H7xx_HAL_Driver/Src/stm32h7xx_hal_gpio.o
                0x0000000008001e6c                HAL_GPIO_WritePin
 .text.HAL_PCD_Init
                0x0000000008001e9e      0x248 Drivers/STM32H7xx_HAL_Driver/Src/stm32h7xx_hal_pcd.o
                0x0000000008001e9e                HAL_PCD_Init
 .text.HAL_PCD_Start
                0x00000000080020e6       0x66 Drivers/STM32H7xx_HAL_Driver/Src/stm32h7xx_hal_pcd.o
                0x00000000080020e6                HAL_PCD_Start
 .text.HAL_PCD_IRQHandler
                0x000000000800214c      0x7be Drivers/STM32H7xx_HAL_Driver/Src/stm32h7xx_hal_pcd.o
                0x000000000800214c                HAL_PCD_IRQHandler
 .text.HAL_PCD_SetAddress
                0x000000000800290a       0x4a Drivers/STM32H7xx_HAL_Driver/Src/stm32h7xx_hal_pcd.o
                0x000000000800290a                HAL_PCD_SetAddress
 .text.HAL_PCD_EP_Open
                0x0000000008002954       0xd0 Drivers/STM32H7xx_HAL_Driver/Src/stm32h7xx_hal_pcd.o
                0x0000000008002954                HAL_PCD_EP_Open
 .text.HAL_PCD_EP_Close
                0x0000000008002a24       0x94 Drivers/STM32H7xx_HAL_Driver/Src/stm32h7xx_hal_pcd.o
                0x0000000008002a24                HAL_PCD_EP_Close
 .text.HAL_PCD_EP_Receive
                0x0000000008002ab8       0x96 Drivers/STM32H7xx_HAL_Driver/Src/stm32h7xx_hal_pcd.o
                0x0000000008002ab8                HAL_PCD_EP_Receive
 .text.HAL_PCD_EP_GetRxCount
                0x0000000008002b4e       0x30 Drivers/STM32H7xx_HAL_Driver/Src/stm32h7xx_hal_pcd.o
                0x0000000008002b4e                HAL_PCD_EP_GetRxCount
 .text.HAL_PCD_EP_Transmit
                0x0000000008002b7e       0x94 Drivers/STM32H7xx_HAL_Driver/Src/stm32h7xx_hal_pcd.o
                0x0000000008002b7e                HAL_PCD_EP_Transmit
 .text.HAL_PCD_EP_SetStall
                0x0000000008002c12       0xc8 Drivers/STM32H7xx_HAL_Driver/Src/stm32h7xx_hal_pcd.o
                0x0000000008002c12                HAL_PCD_EP_SetStall
 .text.HAL_PCD_EP_ClrStall
                0x0000000008002cda       0xac Drivers/STM32H7xx_HAL_Driver/Src/stm32h7xx_hal_pcd.o
                0x0000000008002cda                HAL_PCD_EP_ClrStall
 .text.PCD_WriteEmptyTxFifo
                0x0000000008002d86      0x11a Drivers/STM32H7xx_HAL_Driver/Src/stm32h7xx_hal_pcd.o
 .text.PCD_EP_OutXfrComplete_int
                0x0000000008002ea0      0x218 Drivers/STM32H7xx_HAL_Driver/Src/stm32h7xx_hal_pcd.o
 .text.PCD_EP_OutSetupPacket_int
                0x00000000080030b8       0x8c Drivers/STM32H7xx_HAL_Driver/Src/stm32h7xx_hal_pcd.o
 .text.HAL_PCDEx_SetTxFiFo
                0x0000000008003144       0x8e Drivers/STM32H7xx_HAL_Driver/Src/stm32h7xx_hal_pcd_ex.o
                0x0000000008003144                HAL_PCDEx_SetTxFiFo
 .text.HAL_PCDEx_SetRxFiFo
                0x00000000080031d2       0x22 Drivers/STM32H7xx_HAL_Driver/Src/stm32h7xx_hal_pcd_ex.o
                0x00000000080031d2                HAL_PCDEx_SetRxFiFo
 .text.HAL_PCDEx_ActivateLPM
                0x00000000080031f4       0x48 Drivers/STM32H7xx_HAL_Driver/Src/stm32h7xx_hal_pcd_ex.o
                0x00000000080031f4                HAL_PCDEx_ActivateLPM
 .text.HAL_PCDEx_LPM_Callback
                0x000000000800323c       0x18 Drivers/STM32H7xx_HAL_Driver/Src/stm32h7xx_hal_pcd_ex.o
                0x000000000800323c                HAL_PCDEx_LPM_Callback
 .text.HAL_PWREx_ConfigSupply
                0x0000000008003254       0x74 Drivers/STM32H7xx_HAL_Driver/Src/stm32h7xx_hal_pwr_ex.o
                0x0000000008003254                HAL_PWREx_ConfigSupply
 .text.HAL_PWREx_EnableUSBVoltageDetector
                0x00000000080032c8       0x20 Drivers/STM32H7xx_HAL_Driver/Src/stm32h7xx_hal_pwr_ex.o
                0x00000000080032c8                HAL_PWREx_EnableUSBVoltageDetector
 .text.HAL_RCC_OscConfig
                0x00000000080032e8      0x820 Drivers/STM32H7xx_HAL_Driver/Src/stm32h7xx_hal_rcc.o
                0x00000000080032e8                HAL_RCC_OscConfig
 .text.HAL_RCC_ClockConfig
                0x0000000008003b08      0x36c Drivers/STM32H7xx_HAL_Driver/Src/stm32h7xx_hal_rcc.o
                0x0000000008003b08                HAL_RCC_ClockConfig
 .text.HAL_RCC_GetSysClockFreq
                0x0000000008003e74      0x2e4 Drivers/STM32H7xx_HAL_Driver/Src/stm32h7xx_hal_rcc.o
                0x0000000008003e74                HAL_RCC_GetSysClockFreq
 .text.HAL_RCC_GetHCLKFreq
                0x0000000008004158       0x60 Drivers/STM32H7xx_HAL_Driver/Src/stm32h7xx_hal_rcc.o
                0x0000000008004158                HAL_RCC_GetHCLKFreq
 .text.HAL_RCC_GetPCLK1Freq
                0x00000000080041b8       0x2c Drivers/STM32H7xx_HAL_Driver/Src/stm32h7xx_hal_rcc.o
                0x00000000080041b8                HAL_RCC_GetPCLK1Freq
 .text.HAL_RCC_GetPCLK2Freq
                0x00000000080041e4       0x2c Drivers/STM32H7xx_HAL_Driver/Src/stm32h7xx_hal_rcc.o
                0x00000000080041e4                HAL_RCC_GetPCLK2Freq
 .text.HAL_RCCEx_PeriphCLKConfig
                0x0000000008004210      0xddc Drivers/STM32H7xx_HAL_Driver/Src/stm32h7xx_hal_rcc_ex.o
                0x0000000008004210                HAL_RCCEx_PeriphCLKConfig
 .text.HAL_RCCEx_GetD3PCLK1Freq
                0x0000000008004fec       0x2c Drivers/STM32H7xx_HAL_Driver/Src/stm32h7xx_hal_rcc_ex.o
                0x0000000008004fec                HAL_RCCEx_GetD3PCLK1Freq
 .text.HAL_RCCEx_GetPLL2ClockFreq
                0x0000000008005018      0x298 Drivers/STM32H7xx_HAL_Driver/Src/stm32h7xx_hal_rcc_ex.o
                0x0000000008005018                HAL_RCCEx_GetPLL2ClockFreq
 .text.HAL_RCCEx_GetPLL3ClockFreq
                0x00000000080052b0      0x298 Drivers/STM32H7xx_HAL_Driver/Src/stm32h7xx_hal_rcc_ex.o
                0x00000000080052b0                HAL_RCCEx_GetPLL3ClockFreq
 .text.RCCEx_PLL2_Config
                0x0000000008005548      0x164 Drivers/STM32H7xx_HAL_Driver/Src/stm32h7xx_hal_rcc_ex.o
 .text.RCCEx_PLL3_Config
                0x00000000080056ac      0x164 Drivers/STM32H7xx_HAL_Driver/Src/stm32h7xx_hal_rcc_ex.o
 .text.HAL_UART_Init
                0x0000000008005810       0xa0 Drivers/STM32H7xx_HAL_Driver/Src/stm32h7xx_hal_uart.o
                0x0000000008005810                HAL_UART_Init
 .text.UART_SetConfig
                0x00000000080058b0      0xb60 Drivers/STM32H7xx_HAL_Driver/Src/stm32h7xx_hal_uart.o
                0x00000000080058b0                UART_SetConfig
 .text.UART_AdvFeatureConfig
                0x0000000008006410      0x144 Drivers/STM32H7xx_HAL_Driver/Src/stm32h7xx_hal_uart.o
                0x0000000008006410                UART_AdvFeatureConfig
 .text.UART_CheckIdleState
                0x0000000008006554       0x90 Drivers/STM32H7xx_HAL_Driver/Src/stm32h7xx_hal_uart.o
                0x0000000008006554                UART_CheckIdleState
 .text.UART_WaitOnFlagUntilTimeout
                0x00000000080065e4      0x100 Drivers/STM32H7xx_HAL_Driver/Src/stm32h7xx_hal_uart.o
                0x00000000080065e4                UART_WaitOnFlagUntilTimeout
 .text.HAL_UARTEx_DisableFifoMode
                0x00000000080066e4       0x72 Drivers/STM32H7xx_HAL_Driver/Src/stm32h7xx_hal_uart_ex.o
                0x00000000080066e4                HAL_UARTEx_DisableFifoMode
 .text.HAL_UARTEx_SetTxFifoThreshold
                0x0000000008006756       0x7c Drivers/STM32H7xx_HAL_Driver/Src/stm32h7xx_hal_uart_ex.o
                0x0000000008006756                HAL_UARTEx_SetTxFifoThreshold
 .text.HAL_UARTEx_SetRxFifoThreshold
                0x00000000080067d2       0x7c Drivers/STM32H7xx_HAL_Driver/Src/stm32h7xx_hal_uart_ex.o
                0x00000000080067d2                HAL_UARTEx_SetRxFifoThreshold
 *fill*         0x000000000800684e        0x2 
 .text.UARTEx_SetNbDataToProcess
                0x0000000008006850       0xd0 Drivers/STM32H7xx_HAL_Driver/Src/stm32h7xx_hal_uart_ex.o
 .text.USB_CoreInit
                0x0000000008006920       0xc4 Drivers/STM32H7xx_HAL_Driver/Src/stm32h7xx_ll_usb.o
                0x0000000008006920                USB_CoreInit
 .text.USB_SetTurnaroundTime
                0x00000000080069e4      0x144 Drivers/STM32H7xx_HAL_Driver/Src/stm32h7xx_ll_usb.o
                0x00000000080069e4                USB_SetTurnaroundTime
 .text.USB_EnableGlobalInt
                0x0000000008006b28       0x22 Drivers/STM32H7xx_HAL_Driver/Src/stm32h7xx_ll_usb.o
                0x0000000008006b28                USB_EnableGlobalInt
 .text.USB_DisableGlobalInt
                0x0000000008006b4a       0x22 Drivers/STM32H7xx_HAL_Driver/Src/stm32h7xx_ll_usb.o
                0x0000000008006b4a                USB_DisableGlobalInt
 .text.USB_SetCurrentMode
                0x0000000008006b6c       0x54 Drivers/STM32H7xx_HAL_Driver/Src/stm32h7xx_ll_usb.o
                0x0000000008006b6c                USB_SetCurrentMode
 .text.USB_DevInit
                0x0000000008006bc0      0x2bc Drivers/STM32H7xx_HAL_Driver/Src/stm32h7xx_ll_usb.o
                0x0000000008006bc0                USB_DevInit
 .text.USB_FlushTxFifo
                0x0000000008006e7c       0x4c Drivers/STM32H7xx_HAL_Driver/Src/stm32h7xx_ll_usb.o
                0x0000000008006e7c                USB_FlushTxFifo
 .text.USB_FlushRxFifo
                0x0000000008006ec8       0x44 Drivers/STM32H7xx_HAL_Driver/Src/stm32h7xx_ll_usb.o
                0x0000000008006ec8                USB_FlushRxFifo
 .text.USB_SetDevSpeed
                0x0000000008006f0c       0x32 Drivers/STM32H7xx_HAL_Driver/Src/stm32h7xx_ll_usb.o
                0x0000000008006f0c                USB_SetDevSpeed
 .text.USB_GetDevSpeed
                0x0000000008006f3e       0x4a Drivers/STM32H7xx_HAL_Driver/Src/stm32h7xx_ll_usb.o
                0x0000000008006f3e                USB_GetDevSpeed
 .text.USB_ActivateEndpoint
                0x0000000008006f88      0x110 Drivers/STM32H7xx_HAL_Driver/Src/stm32h7xx_ll_usb.o
                0x0000000008006f88                USB_ActivateEndpoint
 .text.USB_DeactivateEndpoint
                0x0000000008007098      0x1b8 Drivers/STM32H7xx_HAL_Driver/Src/stm32h7xx_ll_usb.o
                0x0000000008007098                USB_DeactivateEndpoint
 .text.USB_EPStartXfer
                0x0000000008007250      0x498 Drivers/STM32H7xx_HAL_Driver/Src/stm32h7xx_ll_usb.o
                0x0000000008007250                USB_EPStartXfer
 .text.USB_EP0StartXfer
                0x00000000080076e8      0x2b0 Drivers/STM32H7xx_HAL_Driver/Src/stm32h7xx_ll_usb.o
                0x00000000080076e8                USB_EP0StartXfer
 .text.USB_WritePacket
                0x0000000008007998       0x6a Drivers/STM32H7xx_HAL_Driver/Src/stm32h7xx_ll_usb.o
                0x0000000008007998                USB_WritePacket
 .text.USB_ReadPacket
                0x0000000008007a02       0x52 Drivers/STM32H7xx_HAL_Driver/Src/stm32h7xx_ll_usb.o
                0x0000000008007a02                USB_ReadPacket
 .text.USB_EPSetStall
                0x0000000008007a54       0xdc Drivers/STM32H7xx_HAL_Driver/Src/stm32h7xx_ll_usb.o
                0x0000000008007a54                USB_EPSetStall
 .text.USB_EPClearStall
                0x0000000008007b30       0xcc Drivers/STM32H7xx_HAL_Driver/Src/stm32h7xx_ll_usb.o
                0x0000000008007b30                USB_EPClearStall
 .text.USB_SetDevAddress
                0x0000000008007bfc       0x4c Drivers/STM32H7xx_HAL_Driver/Src/stm32h7xx_ll_usb.o
                0x0000000008007bfc                USB_SetDevAddress
 .text.USB_DevConnect
                0x0000000008007c48       0x30 Drivers/STM32H7xx_HAL_Driver/Src/stm32h7xx_ll_usb.o
                0x0000000008007c48                USB_DevConnect
 .text.USB_DevDisconnect
                0x0000000008007c78       0x30 Drivers/STM32H7xx_HAL_Driver/Src/stm32h7xx_ll_usb.o
                0x0000000008007c78                USB_DevDisconnect
 .text.USB_ReadInterrupts
                0x0000000008007ca8       0x26 Drivers/STM32H7xx_HAL_Driver/Src/stm32h7xx_ll_usb.o
                0x0000000008007ca8                USB_ReadInterrupts
 .text.USB_ReadDevAllOutEpInterrupt
                0x0000000008007cce       0x34 Drivers/STM32H7xx_HAL_Driver/Src/stm32h7xx_ll_usb.o
                0x0000000008007cce                USB_ReadDevAllOutEpInterrupt
 .text.USB_ReadDevAllInEpInterrupt
                0x0000000008007d02       0x34 Drivers/STM32H7xx_HAL_Driver/Src/stm32h7xx_ll_usb.o
                0x0000000008007d02                USB_ReadDevAllInEpInterrupt
 .text.USB_ReadDevOutEPInterrupt
                0x0000000008007d36       0x3c Drivers/STM32H7xx_HAL_Driver/Src/stm32h7xx_ll_usb.o
                0x0000000008007d36                USB_ReadDevOutEPInterrupt
 .text.USB_ReadDevInEPInterrupt
                0x0000000008007d72       0x5c Drivers/STM32H7xx_HAL_Driver/Src/stm32h7xx_ll_usb.o
                0x0000000008007d72                USB_ReadDevInEPInterrupt
 .text.USB_GetMode
                0x0000000008007dce       0x1c Drivers/STM32H7xx_HAL_Driver/Src/stm32h7xx_ll_usb.o
                0x0000000008007dce                USB_GetMode
 *fill*         0x0000000008007dea        0x2 
 .text.USB_ActivateSetup
                0x0000000008007dec       0x48 Drivers/STM32H7xx_HAL_Driver/Src/stm32h7xx_ll_usb.o
                0x0000000008007dec                USB_ActivateSetup
 .text.USB_EP0_OutStart
                0x0000000008007e34       0xbc Drivers/STM32H7xx_HAL_Driver/Src/stm32h7xx_ll_usb.o
                0x0000000008007e34                USB_EP0_OutStart
 .text.USB_CoreReset
                0x0000000008007ef0       0x68 Drivers/STM32H7xx_HAL_Driver/Src/stm32h7xx_ll_usb.o
 .text.USBD_CDC_Init
                0x0000000008007f58      0x100 Middlewares/ST/STM32_USB_Device_Library/Class/CDC/Src/usbd_cdc.o
 .text.USBD_CDC_DeInit
                0x0000000008008058       0x78 Middlewares/ST/STM32_USB_Device_Library/Class/CDC/Src/usbd_cdc.o
 .text.USBD_CDC_Setup
                0x00000000080080d0      0x178 Middlewares/ST/STM32_USB_Device_Library/Class/CDC/Src/usbd_cdc.o
 .text.USBD_CDC_DataIn
                0x0000000008008248       0xbe Middlewares/ST/STM32_USB_Device_Library/Class/CDC/Src/usbd_cdc.o
 .text.USBD_CDC_DataOut
                0x0000000008008306       0x56 Middlewares/ST/STM32_USB_Device_Library/Class/CDC/Src/usbd_cdc.o
 .text.USBD_CDC_EP0_RxReady
                0x000000000800835c       0x50 Middlewares/ST/STM32_USB_Device_Library/Class/CDC/Src/usbd_cdc.o
 .text.USBD_CDC_GetFSCfgDesc
                0x00000000080083ac       0x20 Middlewares/ST/STM32_USB_Device_Library/Class/CDC/Src/usbd_cdc.o
 .text.USBD_CDC_GetHSCfgDesc
                0x00000000080083cc       0x20 Middlewares/ST/STM32_USB_Device_Library/Class/CDC/Src/usbd_cdc.o
 .text.USBD_CDC_GetOtherSpeedCfgDesc
                0x00000000080083ec       0x20 Middlewares/ST/STM32_USB_Device_Library/Class/CDC/Src/usbd_cdc.o
 .text.USBD_CDC_GetDeviceQualifierDescriptor
                0x000000000800840c       0x20 Middlewares/ST/STM32_USB_Device_Library/Class/CDC/Src/usbd_cdc.o
                0x000000000800840c                USBD_CDC_GetDeviceQualifierDescriptor
 .text.USBD_CDC_RegisterInterface
                0x000000000800842c       0x2a Middlewares/ST/STM32_USB_Device_Library/Class/CDC/Src/usbd_cdc.o
                0x000000000800842c                USBD_CDC_RegisterInterface
 .text.USBD_CDC_SetTxBuffer
                0x0000000008008456       0x32 Middlewares/ST/STM32_USB_Device_Library/Class/CDC/Src/usbd_cdc.o
                0x0000000008008456                USBD_CDC_SetTxBuffer
 .text.USBD_CDC_SetRxBuffer
                0x0000000008008488       0x28 Middlewares/ST/STM32_USB_Device_Library/Class/CDC/Src/usbd_cdc.o
                0x0000000008008488                USBD_CDC_SetRxBuffer
 .text.USBD_CDC_TransmitPacket
                0x00000000080084b0       0x60 Middlewares/ST/STM32_USB_Device_Library/Class/CDC/Src/usbd_cdc.o
                0x00000000080084b0                USBD_CDC_TransmitPacket
 .text.USBD_CDC_ReceivePacket
                0x0000000008008510       0x54 Middlewares/ST/STM32_USB_Device_Library/Class/CDC/Src/usbd_cdc.o
                0x0000000008008510                USBD_CDC_ReceivePacket
 .text.USBD_Init
                0x0000000008008564       0x6c Middlewares/ST/STM32_USB_Device_Library/Core/Src/usbd_core.o
                0x0000000008008564                USBD_Init
 .text.USBD_RegisterClass
                0x00000000080085d0       0x42 Middlewares/ST/STM32_USB_Device_Library/Core/Src/usbd_core.o
                0x00000000080085d0                USBD_RegisterClass
 .text.USBD_Start
                0x0000000008008612       0x18 Middlewares/ST/STM32_USB_Device_Library/Core/Src/usbd_core.o
                0x0000000008008612                USBD_Start
 .text.USBD_RunTestMode
                0x000000000800862a       0x16 Middlewares/ST/STM32_USB_Device_Library/Core/Src/usbd_core.o
                0x000000000800862a                USBD_RunTestMode
 .text.USBD_SetClassConfig
                0x0000000008008640       0x38 Middlewares/ST/STM32_USB_Device_Library/Core/Src/usbd_core.o
                0x0000000008008640                USBD_SetClassConfig
 .text.USBD_ClrClassConfig
                0x0000000008008678       0x30 Middlewares/ST/STM32_USB_Device_Library/Core/Src/usbd_core.o
                0x0000000008008678                USBD_ClrClassConfig
 .text.USBD_LL_SetupStage
                0x00000000080086a8       0xa6 Middlewares/ST/STM32_USB_Device_Library/Core/Src/usbd_core.o
                0x00000000080086a8                USBD_LL_SetupStage
 .text.USBD_LL_DataOutStage
                0x000000000800874e       0xc6 Middlewares/ST/STM32_USB_Device_Library/Core/Src/usbd_core.o
                0x000000000800874e                USBD_LL_DataOutStage
 .text.USBD_LL_DataInStage
                0x0000000008008814      0x12c Middlewares/ST/STM32_USB_Device_Library/Core/Src/usbd_core.o
                0x0000000008008814                USBD_LL_DataInStage
 .text.USBD_LL_Reset
                0x0000000008008940       0x82 Middlewares/ST/STM32_USB_Device_Library/Core/Src/usbd_core.o
                0x0000000008008940                USBD_LL_Reset
 .text.USBD_LL_SetSpeed
                0x00000000080089c2       0x20 Middlewares/ST/STM32_USB_Device_Library/Core/Src/usbd_core.o
                0x00000000080089c2                USBD_LL_SetSpeed
 .text.USBD_LL_Suspend
                0x00000000080089e2       0x2a Middlewares/ST/STM32_USB_Device_Library/Core/Src/usbd_core.o
                0x00000000080089e2                USBD_LL_Suspend
 .text.USBD_LL_Resume
                0x0000000008008a0c       0x2c Middlewares/ST/STM32_USB_Device_Library/Core/Src/usbd_core.o
                0x0000000008008a0c                USBD_LL_Resume
 .text.USBD_LL_SOF
                0x0000000008008a38       0x34 Middlewares/ST/STM32_USB_Device_Library/Core/Src/usbd_core.o
                0x0000000008008a38                USBD_LL_SOF
 .text.USBD_LL_IsoINIncomplete
                0x0000000008008a6c       0x1a Middlewares/ST/STM32_USB_Device_Library/Core/Src/usbd_core.o
                0x0000000008008a6c                USBD_LL_IsoINIncomplete
 .text.USBD_LL_IsoOUTIncomplete
                0x0000000008008a86       0x1a Middlewares/ST/STM32_USB_Device_Library/Core/Src/usbd_core.o
                0x0000000008008a86                USBD_LL_IsoOUTIncomplete
 .text.USBD_LL_DevConnected
                0x0000000008008aa0       0x16 Middlewares/ST/STM32_USB_Device_Library/Core/Src/usbd_core.o
                0x0000000008008aa0                USBD_LL_DevConnected
 .text.USBD_LL_DevDisconnected
                0x0000000008008ab6       0x38 Middlewares/ST/STM32_USB_Device_Library/Core/Src/usbd_core.o
                0x0000000008008ab6                USBD_LL_DevDisconnected
 .text.SWAPBYTE
                0x0000000008008aee       0x3c Middlewares/ST/STM32_USB_Device_Library/Core/Src/usbd_ctlreq.o
 *fill*         0x0000000008008b2a        0x2 
 .text.USBD_StdDevReq
                0x0000000008008b2c       0xdc Middlewares/ST/STM32_USB_Device_Library/Core/Src/usbd_ctlreq.o
                0x0000000008008b2c                USBD_StdDevReq
 .text.USBD_StdItfReq
                0x0000000008008c08       0x8c Middlewares/ST/STM32_USB_Device_Library/Core/Src/usbd_ctlreq.o
                0x0000000008008c08                USBD_StdItfReq
 .text.USBD_StdEPReq
                0x0000000008008c94      0x2aa Middlewares/ST/STM32_USB_Device_Library/Core/Src/usbd_ctlreq.o
                0x0000000008008c94                USBD_StdEPReq
 *fill*         0x0000000008008f3e        0x2 
 .text.USBD_GetDescriptor
                0x0000000008008f40      0x2d4 Middlewares/ST/STM32_USB_Device_Library/Core/Src/usbd_ctlreq.o
 .text.USBD_SetAddress
                0x0000000008009214       0x84 Middlewares/ST/STM32_USB_Device_Library/Core/Src/usbd_ctlreq.o
 .text.USBD_SetConfig
                0x0000000008009298      0x148 Middlewares/ST/STM32_USB_Device_Library/Core/Src/usbd_ctlreq.o
 .text.USBD_GetConfig
                0x00000000080093e0       0x68 Middlewares/ST/STM32_USB_Device_Library/Core/Src/usbd_ctlreq.o
 .text.USBD_GetStatus
                0x0000000008009448       0x66 Middlewares/ST/STM32_USB_Device_Library/Core/Src/usbd_ctlreq.o
 .text.USBD_SetFeature
                0x00000000080094ae       0x28 Middlewares/ST/STM32_USB_Device_Library/Core/Src/usbd_ctlreq.o
 .text.USBD_ClrFeature
                0x00000000080094d6       0x42 Middlewares/ST/STM32_USB_Device_Library/Core/Src/usbd_ctlreq.o
 .text.USBD_ParseSetupRequest
                0x0000000008009518       0x74 Middlewares/ST/STM32_USB_Device_Library/Core/Src/usbd_ctlreq.o
                0x0000000008009518                USBD_ParseSetupRequest
 .text.USBD_CtlError
                0x000000000800958c       0x22 Middlewares/ST/STM32_USB_Device_Library/Core/Src/usbd_ctlreq.o
                0x000000000800958c                USBD_CtlError
 .text.USBD_GetString
                0x00000000080095ae       0x8c Middlewares/ST/STM32_USB_Device_Library/Core/Src/usbd_ctlreq.o
                0x00000000080095ae                USBD_GetString
 .text.USBD_GetLen
                0x000000000800963a       0x34 Middlewares/ST/STM32_USB_Device_Library/Core/Src/usbd_ctlreq.o
 .text.USBD_CtlSendData
                0x000000000800966e       0x36 Middlewares/ST/STM32_USB_Device_Library/Core/Src/usbd_ioreq.o
                0x000000000800966e                USBD_CtlSendData
 .text.USBD_CtlContinueSendData
                0x00000000080096a4       0x22 Middlewares/ST/STM32_USB_Device_Library/Core/Src/usbd_ioreq.o
                0x00000000080096a4                USBD_CtlContinueSendData
 .text.USBD_CtlPrepareRx
                0x00000000080096c6       0x3a Middlewares/ST/STM32_USB_Device_Library/Core/Src/usbd_ioreq.o
                0x00000000080096c6                USBD_CtlPrepareRx
 .text.USBD_CtlContinueRx
                0x0000000008009700       0x22 Middlewares/ST/STM32_USB_Device_Library/Core/Src/usbd_ioreq.o
                0x0000000008009700                USBD_CtlContinueRx
 .text.USBD_CtlSendStatus
                0x0000000008009722       0x26 Middlewares/ST/STM32_USB_Device_Library/Core/Src/usbd_ioreq.o
                0x0000000008009722                USBD_CtlSendStatus
 .text.USBD_CtlReceiveStatus
                0x0000000008009748       0x26 Middlewares/ST/STM32_USB_Device_Library/Core/Src/usbd_ioreq.o
                0x0000000008009748                USBD_CtlReceiveStatus
 *fill*         0x000000000800976e        0x2 
 .text.MX_USB_DEVICE_Init
                0x0000000008009770       0x64 USB_DEVICE/App/usb_device.o
                0x0000000008009770                MX_USB_DEVICE_Init
 .text.CDC_Init_FS
                0x00000000080097d4       0x28 USB_DEVICE/App/usbd_cdc_if.o
 .text.CDC_DeInit_FS
                0x00000000080097fc       0x10 USB_DEVICE/App/usbd_cdc_if.o
 .text.CDC_Control_FS
                0x000000000800980c       0xbc USB_DEVICE/App/usbd_cdc_if.o
 .text.CDC_Receive_FS
                0x00000000080098c8       0x58 USB_DEVICE/App/usbd_cdc_if.o
 .text.CDC_Transmit_FS
                0x0000000008009920       0x4c USB_DEVICE/App/usbd_cdc_if.o
                0x0000000008009920                CDC_Transmit_FS
 .text.CDC_TransmitCplt_FS
                0x000000000800996c       0x22 USB_DEVICE/App/usbd_cdc_if.o
 *fill*         0x000000000800998e        0x2 
 .text.USBD_FS_DeviceDescriptor
                0x0000000008009990       0x24 USB_DEVICE/App/usbd_desc.o
                0x0000000008009990                USBD_FS_DeviceDescriptor
 .text.USBD_FS_LangIDStrDescriptor
                0x00000000080099b4       0x24 USB_DEVICE/App/usbd_desc.o
                0x00000000080099b4                USBD_FS_LangIDStrDescriptor
 .text.USBD_FS_ProductStrDescriptor
                0x00000000080099d8       0x3c USB_DEVICE/App/usbd_desc.o
                0x00000000080099d8                USBD_FS_ProductStrDescriptor
 .text.USBD_FS_ManufacturerStrDescriptor
                0x0000000008009a14       0x28 USB_DEVICE/App/usbd_desc.o
                0x0000000008009a14                USBD_FS_ManufacturerStrDescriptor
 .text.USBD_FS_SerialStrDescriptor
                0x0000000008009a3c       0x24 USB_DEVICE/App/usbd_desc.o
                0x0000000008009a3c                USBD_FS_SerialStrDescriptor
 .text.USBD_FS_ConfigStrDescriptor
                0x0000000008009a60       0x3c USB_DEVICE/App/usbd_desc.o
                0x0000000008009a60                USBD_FS_ConfigStrDescriptor
 .text.USBD_FS_InterfaceStrDescriptor
                0x0000000008009a9c       0x3c USB_DEVICE/App/usbd_desc.o
                0x0000000008009a9c                USBD_FS_InterfaceStrDescriptor
 .text.Get_SerialNum
                0x0000000008009ad8       0x58 USB_DEVICE/App/usbd_desc.o
 .text.IntToUnicode
                0x0000000008009b30       0x7c USB_DEVICE/App/usbd_desc.o
 .text.HAL_PCD_MspInit
                0x0000000008009bac       0xc0 USB_DEVICE/Target/usbd_conf.o
                0x0000000008009bac                HAL_PCD_MspInit
 .text.HAL_PCD_SetupStageCallback
                0x0000000008009c6c       0x24 USB_DEVICE/Target/usbd_conf.o
                0x0000000008009c6c                HAL_PCD_SetupStageCallback
 .text.HAL_PCD_DataOutStageCallback
                0x0000000008009c90       0x36 USB_DEVICE/Target/usbd_conf.o
                0x0000000008009c90                HAL_PCD_DataOutStageCallback
 .text.HAL_PCD_DataInStageCallback
                0x0000000008009cc6       0x34 USB_DEVICE/Target/usbd_conf.o
                0x0000000008009cc6                HAL_PCD_DataInStageCallback
 .text.HAL_PCD_SOFCallback
                0x0000000008009cfa       0x1c USB_DEVICE/Target/usbd_conf.o
                0x0000000008009cfa                HAL_PCD_SOFCallback
 .text.HAL_PCD_ResetCallback
                0x0000000008009d16       0x50 USB_DEVICE/Target/usbd_conf.o
                0x0000000008009d16                HAL_PCD_ResetCallback
 *fill*         0x0000000008009d66        0x2 
 .text.HAL_PCD_SuspendCallback
                0x0000000008009d68       0x4c USB_DEVICE/Target/usbd_conf.o
                0x0000000008009d68                HAL_PCD_SuspendCallback
 .text.HAL_PCD_ResumeCallback
                0x0000000008009db4       0x1c USB_DEVICE/Target/usbd_conf.o
                0x0000000008009db4                HAL_PCD_ResumeCallback
 .text.HAL_PCD_ISOOUTIncompleteCallback
                0x0000000008009dd0       0x24 USB_DEVICE/Target/usbd_conf.o
                0x0000000008009dd0                HAL_PCD_ISOOUTIncompleteCallback
 .text.HAL_PCD_ISOINIncompleteCallback
                0x0000000008009df4       0x24 USB_DEVICE/Target/usbd_conf.o
                0x0000000008009df4                HAL_PCD_ISOINIncompleteCallback
 .text.HAL_PCD_ConnectCallback
                0x0000000008009e18       0x1c USB_DEVICE/Target/usbd_conf.o
                0x0000000008009e18                HAL_PCD_ConnectCallback
 .text.HAL_PCD_DisconnectCallback
                0x0000000008009e34       0x1c USB_DEVICE/Target/usbd_conf.o
                0x0000000008009e34                HAL_PCD_DisconnectCallback
 .text.USBD_LL_Init
                0x0000000008009e50       0xa0 USB_DEVICE/Target/usbd_conf.o
                0x0000000008009e50                USBD_LL_Init
 .text.USBD_LL_Start
                0x0000000008009ef0       0x36 USB_DEVICE/Target/usbd_conf.o
                0x0000000008009ef0                USBD_LL_Start
 .text.USBD_LL_OpenEP
                0x0000000008009f26       0x4c USB_DEVICE/Target/usbd_conf.o
                0x0000000008009f26                USBD_LL_OpenEP
 .text.USBD_LL_CloseEP
                0x0000000008009f72       0x3e USB_DEVICE/Target/usbd_conf.o
                0x0000000008009f72                USBD_LL_CloseEP
 .text.USBD_LL_StallEP
                0x0000000008009fb0       0x3e USB_DEVICE/Target/usbd_conf.o
                0x0000000008009fb0                USBD_LL_StallEP
 .text.USBD_LL_ClearStallEP
                0x0000000008009fee       0x3e USB_DEVICE/Target/usbd_conf.o
                0x0000000008009fee                USBD_LL_ClearStallEP
 .text.USBD_LL_IsStallEP
                0x000000000800a02c       0x58 USB_DEVICE/Target/usbd_conf.o
                0x000000000800a02c                USBD_LL_IsStallEP
 .text.USBD_LL_SetUSBAddress
                0x000000000800a084       0x3e USB_DEVICE/Target/usbd_conf.o
                0x000000000800a084                USBD_LL_SetUSBAddress
 .text.USBD_LL_Transmit
                0x000000000800a0c2       0x42 USB_DEVICE/Target/usbd_conf.o
                0x000000000800a0c2                USBD_LL_Transmit
 .text.USBD_LL_PrepareReceive
                0x000000000800a104       0x42 USB_DEVICE/Target/usbd_conf.o
                0x000000000800a104                USBD_LL_PrepareReceive
 .text.USBD_LL_GetRxDataSize
                0x000000000800a146       0x26 USB_DEVICE/Target/usbd_conf.o
                0x000000000800a146                USBD_LL_GetRxDataSize
 .text.USBD_Get_USB_Status
                0x000000000800a16c       0x58 USB_DEVICE/Target/usbd_conf.o
                0x000000000800a16c                USBD_Get_USB_Status
 .text.__errno  0x000000000800a1c4        0xc /Applications/STM32CubeIDE.app/Contents/Eclipse/plugins/com.st.stm32cube.ide.mcu.externaltools.gnu-tools-for-stm32.7-2018-q2-update.macos64_1.5.0.202011040924/tools/bin/../lib/gcc/arm-none-eabi/7.3.1/../../../../arm-none-eabi/lib/thumb/v7e-m/fpv5/hard/libc_nano.a(lib_a-errno.o)
                0x000000000800a1c4                __errno
 .text.__libc_init_array
                0x000000000800a1d0       0x48 /Applications/STM32CubeIDE.app/Contents/Eclipse/plugins/com.st.stm32cube.ide.mcu.externaltools.gnu-tools-for-stm32.7-2018-q2-update.macos64_1.5.0.202011040924/tools/bin/../lib/gcc/arm-none-eabi/7.3.1/../../../../arm-none-eabi/lib/thumb/v7e-m/fpv5/hard/libc_nano.a(lib_a-init.o)
                0x000000000800a1d0                __libc_init_array
 .text.malloc   0x000000000800a218       0x10 /Applications/STM32CubeIDE.app/Contents/Eclipse/plugins/com.st.stm32cube.ide.mcu.externaltools.gnu-tools-for-stm32.7-2018-q2-update.macos64_1.5.0.202011040924/tools/bin/../lib/gcc/arm-none-eabi/7.3.1/../../../../arm-none-eabi/lib/thumb/v7e-m/fpv5/hard/libc_nano.a(lib_a-malloc.o)
                0x000000000800a218                malloc
 .text.free     0x000000000800a228       0x10 /Applications/STM32CubeIDE.app/Contents/Eclipse/plugins/com.st.stm32cube.ide.mcu.externaltools.gnu-tools-for-stm32.7-2018-q2-update.macos64_1.5.0.202011040924/tools/bin/../lib/gcc/arm-none-eabi/7.3.1/../../../../arm-none-eabi/lib/thumb/v7e-m/fpv5/hard/libc_nano.a(lib_a-malloc.o)
                0x000000000800a228                free
 .text.memcpy   0x000000000800a238       0x16 /Applications/STM32CubeIDE.app/Contents/Eclipse/plugins/com.st.stm32cube.ide.mcu.externaltools.gnu-tools-for-stm32.7-2018-q2-update.macos64_1.5.0.202011040924/tools/bin/../lib/gcc/arm-none-eabi/7.3.1/../../../../arm-none-eabi/lib/thumb/v7e-m/fpv5/hard/libc_nano.a(lib_a-memcpy-stub.o)
                0x000000000800a238                memcpy
 .text.memset   0x000000000800a24e       0x10 /Applications/STM32CubeIDE.app/Contents/Eclipse/plugins/com.st.stm32cube.ide.mcu.externaltools.gnu-tools-for-stm32.7-2018-q2-update.macos64_1.5.0.202011040924/tools/bin/../lib/gcc/arm-none-eabi/7.3.1/../../../../arm-none-eabi/lib/thumb/v7e-m/fpv5/hard/libc_nano.a(lib_a-memset.o)
                0x000000000800a24e                memset
 *fill*         0x000000000800a25e        0x2 
 .text._free_r  0x000000000800a260       0x9c /Applications/STM32CubeIDE.app/Contents/Eclipse/plugins/com.st.stm32cube.ide.mcu.externaltools.gnu-tools-for-stm32.7-2018-q2-update.macos64_1.5.0.202011040924/tools/bin/../lib/gcc/arm-none-eabi/7.3.1/../../../../arm-none-eabi/lib/thumb/v7e-m/fpv5/hard/libc_nano.a(lib_a-nano-freer.o)
                0x000000000800a260                _free_r
 .text._malloc_r
                0x000000000800a2fc       0xb4 /Applications/STM32CubeIDE.app/Contents/Eclipse/plugins/com.st.stm32cube.ide.mcu.externaltools.gnu-tools-for-stm32.7-2018-q2-update.macos64_1.5.0.202011040924/tools/bin/../lib/gcc/arm-none-eabi/7.3.1/../../../../arm-none-eabi/lib/thumb/v7e-m/fpv5/hard/libc_nano.a(lib_a-nano-mallocr.o)
                0x000000000800a2fc                _malloc_r
 .text._sbrk_r  0x000000000800a3b0       0x20 /Applications/STM32CubeIDE.app/Contents/Eclipse/plugins/com.st.stm32cube.ide.mcu.externaltools.gnu-tools-for-stm32.7-2018-q2-update.macos64_1.5.0.202011040924/tools/bin/../lib/gcc/arm-none-eabi/7.3.1/../../../../arm-none-eabi/lib/thumb/v7e-m/fpv5/hard/libc_nano.a(lib_a-sbrkr.o)
                0x000000000800a3b0                _sbrk_r
 .text.__malloc_lock
                0x000000000800a3d0        0x2 /Applications/STM32CubeIDE.app/Contents/Eclipse/plugins/com.st.stm32cube.ide.mcu.externaltools.gnu-tools-for-stm32.7-2018-q2-update.macos64_1.5.0.202011040924/tools/bin/../lib/gcc/arm-none-eabi/7.3.1/../../../../arm-none-eabi/lib/thumb/v7e-m/fpv5/hard/libc_nano.a(lib_a-mlock.o)
                0x000000000800a3d0                __malloc_lock
 .text.__malloc_unlock
                0x000000000800a3d2        0x2 /Applications/STM32CubeIDE.app/Contents/Eclipse/plugins/com.st.stm32cube.ide.mcu.externaltools.gnu-tools-for-stm32.7-2018-q2-update.macos64_1.5.0.202011040924/tools/bin/../lib/gcc/arm-none-eabi/7.3.1/../../../../arm-none-eabi/lib/thumb/v7e-m/fpv5/hard/libc_nano.a(lib_a-mlock.o)
                0x000000000800a3d2                __malloc_unlock
 *(.glue_7)
 .glue_7        0x000000000800a3d4        0x0 linker stubs
 *(.glue_7t)
 .glue_7t       0x000000000800a3d4        0x0 linker stubs
 *(.eh_frame)
 .eh_frame      0x000000000800a3d4        0x0 /Applications/STM32CubeIDE.app/Contents/Eclipse/plugins/com.st.stm32cube.ide.mcu.externaltools.gnu-tools-for-stm32.7-2018-q2-update.macos64_1.5.0.202011040924/tools/bin/../lib/gcc/arm-none-eabi/7.3.1/thumb/v7e-m/fpv5/hard/crtbegin.o
 *(.init)
 .init          0x000000000800a3d4        0x4 /Applications/STM32CubeIDE.app/Contents/Eclipse/plugins/com.st.stm32cube.ide.mcu.externaltools.gnu-tools-for-stm32.7-2018-q2-update.macos64_1.5.0.202011040924/tools/bin/../lib/gcc/arm-none-eabi/7.3.1/thumb/v7e-m/fpv5/hard/crti.o
                0x000000000800a3d4                _init
 .init          0x000000000800a3d8        0x8 /Applications/STM32CubeIDE.app/Contents/Eclipse/plugins/com.st.stm32cube.ide.mcu.externaltools.gnu-tools-for-stm32.7-2018-q2-update.macos64_1.5.0.202011040924/tools/bin/../lib/gcc/arm-none-eabi/7.3.1/thumb/v7e-m/fpv5/hard/crtn.o
 *(.fini)
 .fini          0x000000000800a3e0        0x4 /Applications/STM32CubeIDE.app/Contents/Eclipse/plugins/com.st.stm32cube.ide.mcu.externaltools.gnu-tools-for-stm32.7-2018-q2-update.macos64_1.5.0.202011040924/tools/bin/../lib/gcc/arm-none-eabi/7.3.1/thumb/v7e-m/fpv5/hard/crti.o
                0x000000000800a3e0                _fini
 .fini          0x000000000800a3e4        0x8 /Applications/STM32CubeIDE.app/Contents/Eclipse/plugins/com.st.stm32cube.ide.mcu.externaltools.gnu-tools-for-stm32.7-2018-q2-update.macos64_1.5.0.202011040924/tools/bin/../lib/gcc/arm-none-eabi/7.3.1/thumb/v7e-m/fpv5/hard/crtn.o
                0x000000000800a3ec                . = ALIGN (0x4)
                0x000000000800a3ec                _etext = .

.vfp11_veneer   0x000000000800a3ec        0x0
 .vfp11_veneer  0x000000000800a3ec        0x0 linker stubs

.v4_bx          0x000000000800a3ec        0x0
 .v4_bx         0x000000000800a3ec        0x0 linker stubs

.iplt           0x000000000800a3ec        0x0
 .iplt          0x000000000800a3ec        0x0 /Applications/STM32CubeIDE.app/Contents/Eclipse/plugins/com.st.stm32cube.ide.mcu.externaltools.gnu-tools-for-stm32.7-2018-q2-update.macos64_1.5.0.202011040924/tools/bin/../lib/gcc/arm-none-eabi/7.3.1/thumb/v7e-m/fpv5/hard/crtbegin.o

.rodata         0x000000000800a3ec       0x80
                0x000000000800a3ec                . = ALIGN (0x4)
 *(.rodata)
 .rodata        0x000000000800a3ec       0x10 Drivers/STM32H7xx_HAL_Driver/Src/stm32h7xx_hal_uart_ex.o
 .rodata        0x000000000800a3fc       0x46 USB_DEVICE/App/usbd_desc.o
 *(.rodata*)
 *fill*         0x000000000800a442        0x2 
 .rodata.D1CorePrescTable
                0x000000000800a444       0x10 Core/Src/system_stm32h7xx.o
                0x000000000800a444                D1CorePrescTable
 .rodata.UARTPrescTable
                0x000000000800a454       0x18 Drivers/STM32H7xx_HAL_Driver/Src/stm32h7xx_hal_uart.o
                0x000000000800a454                UARTPrescTable
                0x000000000800a46c                . = ALIGN (0x4)

.ARM.extab      0x000000000800a46c        0x0
                0x000000000800a46c                . = ALIGN (0x4)
 *(.ARM.extab* .gnu.linkonce.armextab.*)
                0x000000000800a46c                . = ALIGN (0x4)

.ARM            0x000000000800a46c        0x8
                0x000000000800a46c                . = ALIGN (0x4)
                0x000000000800a46c                __exidx_start = .
 *(.ARM.exidx*)
 .ARM.exidx     0x000000000800a46c        0x8 /Applications/STM32CubeIDE.app/Contents/Eclipse/plugins/com.st.stm32cube.ide.mcu.externaltools.gnu-tools-for-stm32.7-2018-q2-update.macos64_1.5.0.202011040924/tools/bin/../lib/gcc/arm-none-eabi/7.3.1/thumb/v7e-m/fpv5/hard/libgcc.a(_udivmoddi4.o)
                0x000000000800a474                __exidx_end = .
                0x000000000800a474                . = ALIGN (0x4)

.rel.dyn        0x000000000800a474        0x0
 .rel.iplt      0x000000000800a474        0x0 /Applications/STM32CubeIDE.app/Contents/Eclipse/plugins/com.st.stm32cube.ide.mcu.externaltools.gnu-tools-for-stm32.7-2018-q2-update.macos64_1.5.0.202011040924/tools/bin/../lib/gcc/arm-none-eabi/7.3.1/thumb/v7e-m/fpv5/hard/crtbegin.o

.preinit_array  0x000000000800a474        0x0
                0x000000000800a474                . = ALIGN (0x4)
                0x000000000800a474                PROVIDE (__preinit_array_start = .)
 *(.preinit_array*)
                0x000000000800a474                PROVIDE (__preinit_array_end = .)
                0x000000000800a474                . = ALIGN (0x4)

.init_array     0x000000000800a474        0x4
                0x000000000800a474                . = ALIGN (0x4)
                0x000000000800a474                PROVIDE (__init_array_start = .)
 *(SORT_BY_NAME(.init_array.*))
 *(.init_array*)
 .init_array    0x000000000800a474        0x4 /Applications/STM32CubeIDE.app/Contents/Eclipse/plugins/com.st.stm32cube.ide.mcu.externaltools.gnu-tools-for-stm32.7-2018-q2-update.macos64_1.5.0.202011040924/tools/bin/../lib/gcc/arm-none-eabi/7.3.1/thumb/v7e-m/fpv5/hard/crtbegin.o
                0x000000000800a478                PROVIDE (__init_array_end = .)
                0x000000000800a478                . = ALIGN (0x4)

.fini_array     0x000000000800a478        0x4
                0x000000000800a478                . = ALIGN (0x4)
                [!provide]                        PROVIDE (__fini_array_start = .)
 *(SORT_BY_NAME(.fini_array.*))
 *(.fini_array*)
 .fini_array    0x000000000800a478        0x4 /Applications/STM32CubeIDE.app/Contents/Eclipse/plugins/com.st.stm32cube.ide.mcu.externaltools.gnu-tools-for-stm32.7-2018-q2-update.macos64_1.5.0.202011040924/tools/bin/../lib/gcc/arm-none-eabi/7.3.1/thumb/v7e-m/fpv5/hard/crtbegin.o
                [!provide]                        PROVIDE (__fini_array_end = .)
                0x000000000800a47c                . = ALIGN (0x4)
                0x000000000800a47c                _sidata = LOADADDR (.data)

.data           0x0000000024000000      0x1e8 load address 0x000000000800a47c
                0x0000000024000000                . = ALIGN (0x4)
                0x0000000024000000                _sdata = .
 *(.data)
 *(.data*)
 .data.SystemCoreClock
                0x0000000024000000        0x4 Core/Src/system_stm32h7xx.o
                0x0000000024000000                SystemCoreClock
 .data.SystemD2Clock
                0x0000000024000004        0x4 Core/Src/system_stm32h7xx.o
                0x0000000024000004                SystemD2Clock
 .data.uwTickPrio
                0x0000000024000008        0x4 Drivers/STM32H7xx_HAL_Driver/Src/stm32h7xx_hal.o
                0x0000000024000008                uwTickPrio
 .data.uwTickFreq
                0x000000002400000c        0x1 Drivers/STM32H7xx_HAL_Driver/Src/stm32h7xx_hal.o
                0x000000002400000c                uwTickFreq
 *fill*         0x000000002400000d        0x3 
 .data.USBD_CDC_DeviceQualifierDesc
                0x0000000024000010        0xa Middlewares/ST/STM32_USB_Device_Library/Class/CDC/Src/usbd_cdc.o
 *fill*         0x000000002400001a        0x2 
 .data.USBD_CDC
                0x000000002400001c       0x38 Middlewares/ST/STM32_USB_Device_Library/Class/CDC/Src/usbd_cdc.o
                0x000000002400001c                USBD_CDC
 .data.USBD_CDC_CfgHSDesc
                0x0000000024000054       0x43 Middlewares/ST/STM32_USB_Device_Library/Class/CDC/Src/usbd_cdc.o
 *fill*         0x0000000024000097        0x1 
 .data.USBD_CDC_CfgFSDesc
                0x0000000024000098       0x43 Middlewares/ST/STM32_USB_Device_Library/Class/CDC/Src/usbd_cdc.o
 *fill*         0x00000000240000db        0x1 
 .data.USBD_CDC_OtherSpeedCfgDesc
                0x00000000240000dc       0x43 Middlewares/ST/STM32_USB_Device_Library/Class/CDC/Src/usbd_cdc.o
 *fill*         0x000000002400011f        0x1 
 .data.USBD_Interface_fops_FS
                0x0000000024000120       0x14 USB_DEVICE/App/usbd_cdc_if.o
                0x0000000024000120                USBD_Interface_fops_FS
 .data.FS_Desc  0x0000000024000134       0x1c USB_DEVICE/App/usbd_desc.o
                0x0000000024000134                FS_Desc
 .data.USBD_FS_DeviceDesc
                0x0000000024000150       0x12 USB_DEVICE/App/usbd_desc.o
                0x0000000024000150                USBD_FS_DeviceDesc
 *fill*         0x0000000024000162        0x2 
 .data.USBD_LangIDDesc
                0x0000000024000164        0x4 USB_DEVICE/App/usbd_desc.o
                0x0000000024000164                USBD_LangIDDesc
 .data.USBD_StringSerial
                0x0000000024000168       0x1a USB_DEVICE/App/usbd_desc.o
                0x0000000024000168                USBD_StringSerial
 *fill*         0x0000000024000182        0x2 
 .data._impure_ptr
                0x0000000024000184        0x4 /Applications/STM32CubeIDE.app/Contents/Eclipse/plugins/com.st.stm32cube.ide.mcu.externaltools.gnu-tools-for-stm32.7-2018-q2-update.macos64_1.5.0.202011040924/tools/bin/../lib/gcc/arm-none-eabi/7.3.1/../../../../arm-none-eabi/lib/thumb/v7e-m/fpv5/hard/libc_nano.a(lib_a-impure.o)
                0x0000000024000184                _impure_ptr
 .data.impure_data
                0x0000000024000188       0x60 /Applications/STM32CubeIDE.app/Contents/Eclipse/plugins/com.st.stm32cube.ide.mcu.externaltools.gnu-tools-for-stm32.7-2018-q2-update.macos64_1.5.0.202011040924/tools/bin/../lib/gcc/arm-none-eabi/7.3.1/../../../../arm-none-eabi/lib/thumb/v7e-m/fpv5/hard/libc_nano.a(lib_a-impure.o)
 *(.RamFunc)
 *(.RamFunc*)
                0x00000000240001e8                . = ALIGN (0x4)
                0x00000000240001e8                _edata = .

.igot.plt       0x00000000240001e8        0x0 load address 0x000000000800a664
 .igot.plt      0x00000000240001e8        0x0 /Applications/STM32CubeIDE.app/Contents/Eclipse/plugins/com.st.stm32cube.ide.mcu.externaltools.gnu-tools-for-stm32.7-2018-q2-update.macos64_1.5.0.202011040924/tools/bin/../lib/gcc/arm-none-eabi/7.3.1/thumb/v7e-m/fpv5/hard/crtbegin.o

.RxDecripSection
                0x00000000240001e8       0x60 load address 0x000000000800a664
 .RxDecripSection
                0x00000000240001e8       0x60 Core/Src/eth.o
                0x00000000240001e8                DMARxDscrTab

.TxDecripSection
                0x0000000024000248       0x60 load address 0x000000000800a6c4
 .TxDecripSection
                0x0000000024000248       0x60 Core/Src/eth.o
                0x0000000024000248                DMATxDscrTab
                0x00000000240002a8                . = ALIGN (0x4)

.bss            0x00000000240002a8     0x1a40 load address 0x000000000800a724
                0x00000000240002a8                _sbss = .
                0x00000000240002a8                __bss_start__ = _sbss
 *(.bss)
 .bss           0x00000000240002a8       0x1c /Applications/STM32CubeIDE.app/Contents/Eclipse/plugins/com.st.stm32cube.ide.mcu.externaltools.gnu-tools-for-stm32.7-2018-q2-update.macos64_1.5.0.202011040924/tools/bin/../lib/gcc/arm-none-eabi/7.3.1/thumb/v7e-m/fpv5/hard/crtbegin.o
 *(.bss*)
 .bss.__sbrk_heap_end
                0x00000000240002c4        0x4 Core/Src/sysmem.o
 .bss.cfgidx.12592
                0x00000000240002c8        0x1 Middlewares/ST/STM32_USB_Device_Library/Core/Src/usbd_ctlreq.o
 .bss.rxdata    0x00000000240002c9        0x1 USB_DEVICE/App/usbd_cdc_if.o
                0x00000000240002c9                rxdata
 *fill*         0x00000000240002ca        0x2 
 .bss.rxlen     0x00000000240002cc        0x4 USB_DEVICE/App/usbd_cdc_if.o
                0x00000000240002cc                rxlen
 .bss.__malloc_free_list
                0x00000000240002d0        0x4 /Applications/STM32CubeIDE.app/Contents/Eclipse/plugins/com.st.stm32cube.ide.mcu.externaltools.gnu-tools-for-stm32.7-2018-q2-update.macos64_1.5.0.202011040924/tools/bin/../lib/gcc/arm-none-eabi/7.3.1/../../../../arm-none-eabi/lib/thumb/v7e-m/fpv5/hard/libc_nano.a(lib_a-nano-mallocr.o)
                0x00000000240002d0                __malloc_free_list
 .bss.__malloc_sbrk_start
                0x00000000240002d4        0x4 /Applications/STM32CubeIDE.app/Contents/Eclipse/plugins/com.st.stm32cube.ide.mcu.externaltools.gnu-tools-for-stm32.7-2018-q2-update.macos64_1.5.0.202011040924/tools/bin/../lib/gcc/arm-none-eabi/7.3.1/../../../../arm-none-eabi/lib/thumb/v7e-m/fpv5/hard/libc_nano.a(lib_a-nano-mallocr.o)
                0x00000000240002d4                __malloc_sbrk_start
 *(COMMON)
 COMMON         0x00000000240002d8       0xa4 Core/Src/eth.o
                0x00000000240002d8                heth
                0x0000000024000348                TxConfig
 COMMON         0x000000002400037c       0x8c Core/Src/usart.o
                0x000000002400037c                huart3
 COMMON         0x0000000024000408        0x4 Drivers/STM32H7xx_HAL_Driver/Src/stm32h7xx_hal.o
                0x0000000024000408                uwTick
 COMMON         0x000000002400040c      0x2d0 USB_DEVICE/App/usb_device.o
                0x000000002400040c                hUsbDeviceFS
 COMMON         0x00000000240006dc     0x1000 USB_DEVICE/App/usbd_cdc_if.o
                0x00000000240006dc                UserRxBufferFS
                0x0000000024000edc                UserTxBufferFS
 COMMON         0x00000000240016dc      0x200 USB_DEVICE/App/usbd_desc.o
                0x00000000240016dc                USBD_StrDesc
 COMMON         0x00000000240018dc      0x408 USB_DEVICE/Target/usbd_conf.o
                0x00000000240018dc                hpcd_USB_OTG_FS
 COMMON         0x0000000024001ce4        0x4 /Applications/STM32CubeIDE.app/Contents/Eclipse/plugins/com.st.stm32cube.ide.mcu.externaltools.gnu-tools-for-stm32.7-2018-q2-update.macos64_1.5.0.202011040924/tools/bin/../lib/gcc/arm-none-eabi/7.3.1/../../../../arm-none-eabi/lib/thumb/v7e-m/fpv5/hard/libc_nano.a(lib_a-reent.o)
                0x0000000024001ce4                errno
                0x0000000024001ce8                . = ALIGN (0x4)
                0x0000000024001ce8                _ebss = .
                0x0000000024001ce8                __bss_end__ = _ebss

._user_heap_stack
                0x0000000024001ce8      0x600 load address 0x000000000800a724
                0x0000000024001ce8                . = ALIGN (0x8)
                [!provide]                        PROVIDE (end = .)
                0x0000000024001ce8                PROVIDE (_end = .)
                0x0000000024001ee8                . = (. + _Min_Heap_Size)
 *fill*         0x0000000024001ce8      0x200 
                0x00000000240022e8                . = (. + _Min_Stack_Size)
 *fill*         0x0000000024001ee8      0x400 
                0x00000000240022e8                . = ALIGN (0x8)

/DISCARD/
 libc.a(*)
 libm.a(*)
 libgcc.a(*)

.ARM.attributes
                0x0000000000000000       0x2e
 *(.ARM.attributes)
 .ARM.attributes
                0x0000000000000000       0x20 /Applications/STM32CubeIDE.app/Contents/Eclipse/plugins/com.st.stm32cube.ide.mcu.externaltools.gnu-tools-for-stm32.7-2018-q2-update.macos64_1.5.0.202011040924/tools/bin/../lib/gcc/arm-none-eabi/7.3.1/thumb/v7e-m/fpv5/hard/crti.o
 .ARM.attributes
                0x0000000000000020       0x32 /Applications/STM32CubeIDE.app/Contents/Eclipse/plugins/com.st.stm32cube.ide.mcu.externaltools.gnu-tools-for-stm32.7-2018-q2-update.macos64_1.5.0.202011040924/tools/bin/../lib/gcc/arm-none-eabi/7.3.1/thumb/v7e-m/fpv5/hard/crtbegin.o
 .ARM.attributes
                0x0000000000000052       0x37 Core/Src/eth.o
 .ARM.attributes
                0x0000000000000089       0x37 Core/Src/gpio.o
 .ARM.attributes
                0x00000000000000c0       0x37 Core/Src/main.o
 .ARM.attributes
                0x00000000000000f7       0x37 Core/Src/stm32h7xx_hal_msp.o
 .ARM.attributes
                0x000000000000012e       0x37 Core/Src/stm32h7xx_it.o
 .ARM.attributes
                0x0000000000000165       0x37 Core/Src/sysmem.o
 .ARM.attributes
                0x000000000000019c       0x37 Core/Src/system_stm32h7xx.o
 .ARM.attributes
                0x00000000000001d3       0x37 Core/Src/usart.o
 .ARM.attributes
                0x000000000000020a       0x21 Core/Startup/startup_stm32h743zitx.o
 .ARM.attributes
                0x000000000000022b       0x37 Drivers/STM32H7xx_HAL_Driver/Src/stm32h7xx_hal.o
 .ARM.attributes
                0x0000000000000262       0x37 Drivers/STM32H7xx_HAL_Driver/Src/stm32h7xx_hal_cortex.o
 .ARM.attributes
                0x0000000000000299       0x37 Drivers/STM32H7xx_HAL_Driver/Src/stm32h7xx_hal_eth.o
 .ARM.attributes
                0x00000000000002d0       0x37 Drivers/STM32H7xx_HAL_Driver/Src/stm32h7xx_hal_gpio.o
 .ARM.attributes
                0x0000000000000307       0x37 Drivers/STM32H7xx_HAL_Driver/Src/stm32h7xx_hal_pcd.o
 .ARM.attributes
                0x000000000000033e       0x37 Drivers/STM32H7xx_HAL_Driver/Src/stm32h7xx_hal_pcd_ex.o
 .ARM.attributes
                0x0000000000000375       0x37 Drivers/STM32H7xx_HAL_Driver/Src/stm32h7xx_hal_pwr_ex.o
 .ARM.attributes
                0x00000000000003ac       0x37 Drivers/STM32H7xx_HAL_Driver/Src/stm32h7xx_hal_rcc.o
 .ARM.attributes
                0x00000000000003e3       0x37 Drivers/STM32H7xx_HAL_Driver/Src/stm32h7xx_hal_rcc_ex.o
 .ARM.attributes
                0x000000000000041a       0x37 Drivers/STM32H7xx_HAL_Driver/Src/stm32h7xx_hal_uart.o
 .ARM.attributes
                0x0000000000000451       0x37 Drivers/STM32H7xx_HAL_Driver/Src/stm32h7xx_hal_uart_ex.o
 .ARM.attributes
                0x0000000000000488       0x37 Drivers/STM32H7xx_HAL_Driver/Src/stm32h7xx_ll_usb.o
 .ARM.attributes
                0x00000000000004bf       0x37 Middlewares/ST/STM32_USB_Device_Library/Class/CDC/Src/usbd_cdc.o
 .ARM.attributes
                0x00000000000004f6       0x37 Middlewares/ST/STM32_USB_Device_Library/Core/Src/usbd_core.o
 .ARM.attributes
                0x000000000000052d       0x37 Middlewares/ST/STM32_USB_Device_Library/Core/Src/usbd_ctlreq.o
 .ARM.attributes
                0x0000000000000564       0x37 Middlewares/ST/STM32_USB_Device_Library/Core/Src/usbd_ioreq.o
 .ARM.attributes
                0x000000000000059b       0x37 USB_DEVICE/App/usb_device.o
 .ARM.attributes
                0x00000000000005d2       0x37 USB_DEVICE/App/usbd_cdc_if.o
 .ARM.attributes
                0x0000000000000609       0x37 USB_DEVICE/App/usbd_desc.o
 .ARM.attributes
                0x0000000000000640       0x37 USB_DEVICE/Target/usbd_conf.o
 .ARM.attributes
                0x0000000000000677       0x32 /Applications/STM32CubeIDE.app/Contents/Eclipse/plugins/com.st.stm32cube.ide.mcu.externaltools.gnu-tools-for-stm32.7-2018-q2-update.macos64_1.5.0.202011040924/tools/bin/../lib/gcc/arm-none-eabi/7.3.1/../../../../arm-none-eabi/lib/thumb/v7e-m/fpv5/hard/libc_nano.a(lib_a-errno.o)
 .ARM.attributes
                0x00000000000006a9       0x32 /Applications/STM32CubeIDE.app/Contents/Eclipse/plugins/com.st.stm32cube.ide.mcu.externaltools.gnu-tools-for-stm32.7-2018-q2-update.macos64_1.5.0.202011040924/tools/bin/../lib/gcc/arm-none-eabi/7.3.1/../../../../arm-none-eabi/lib/thumb/v7e-m/fpv5/hard/libc_nano.a(lib_a-impure.o)
 .ARM.attributes
                0x00000000000006db       0x32 /Applications/STM32CubeIDE.app/Contents/Eclipse/plugins/com.st.stm32cube.ide.mcu.externaltools.gnu-tools-for-stm32.7-2018-q2-update.macos64_1.5.0.202011040924/tools/bin/../lib/gcc/arm-none-eabi/7.3.1/../../../../arm-none-eabi/lib/thumb/v7e-m/fpv5/hard/libc_nano.a(lib_a-init.o)
 .ARM.attributes
                0x000000000000070d       0x32 /Applications/STM32CubeIDE.app/Contents/Eclipse/plugins/com.st.stm32cube.ide.mcu.externaltools.gnu-tools-for-stm32.7-2018-q2-update.macos64_1.5.0.202011040924/tools/bin/../lib/gcc/arm-none-eabi/7.3.1/../../../../arm-none-eabi/lib/thumb/v7e-m/fpv5/hard/libc_nano.a(lib_a-malloc.o)
 .ARM.attributes
                0x000000000000073f       0x32 /Applications/STM32CubeIDE.app/Contents/Eclipse/plugins/com.st.stm32cube.ide.mcu.externaltools.gnu-tools-for-stm32.7-2018-q2-update.macos64_1.5.0.202011040924/tools/bin/../lib/gcc/arm-none-eabi/7.3.1/../../../../arm-none-eabi/lib/thumb/v7e-m/fpv5/hard/libc_nano.a(lib_a-memcpy-stub.o)
 .ARM.attributes
                0x0000000000000771       0x32 /Applications/STM32CubeIDE.app/Contents/Eclipse/plugins/com.st.stm32cube.ide.mcu.externaltools.gnu-tools-for-stm32.7-2018-q2-update.macos64_1.5.0.202011040924/tools/bin/../lib/gcc/arm-none-eabi/7.3.1/../../../../arm-none-eabi/lib/thumb/v7e-m/fpv5/hard/libc_nano.a(lib_a-memset.o)
 .ARM.attributes
                0x00000000000007a3       0x32 /Applications/STM32CubeIDE.app/Contents/Eclipse/plugins/com.st.stm32cube.ide.mcu.externaltools.gnu-tools-for-stm32.7-2018-q2-update.macos64_1.5.0.202011040924/tools/bin/../lib/gcc/arm-none-eabi/7.3.1/../../../../arm-none-eabi/lib/thumb/v7e-m/fpv5/hard/libc_nano.a(lib_a-nano-freer.o)
 .ARM.attributes
                0x00000000000007d5       0x32 /Applications/STM32CubeIDE.app/Contents/Eclipse/plugins/com.st.stm32cube.ide.mcu.externaltools.gnu-tools-for-stm32.7-2018-q2-update.macos64_1.5.0.202011040924/tools/bin/../lib/gcc/arm-none-eabi/7.3.1/../../../../arm-none-eabi/lib/thumb/v7e-m/fpv5/hard/libc_nano.a(lib_a-nano-mallocr.o)
 .ARM.attributes
                0x0000000000000807       0x32 /Applications/STM32CubeIDE.app/Contents/Eclipse/plugins/com.st.stm32cube.ide.mcu.externaltools.gnu-tools-for-stm32.7-2018-q2-update.macos64_1.5.0.202011040924/tools/bin/../lib/gcc/arm-none-eabi/7.3.1/../../../../arm-none-eabi/lib/thumb/v7e-m/fpv5/hard/libc_nano.a(lib_a-sbrkr.o)
 .ARM.attributes
                0x0000000000000839       0x32 /Applications/STM32CubeIDE.app/Contents/Eclipse/plugins/com.st.stm32cube.ide.mcu.externaltools.gnu-tools-for-stm32.7-2018-q2-update.macos64_1.5.0.202011040924/tools/bin/../lib/gcc/arm-none-eabi/7.3.1/../../../../arm-none-eabi/lib/thumb/v7e-m/fpv5/hard/libc_nano.a(lib_a-mlock.o)
 .ARM.attributes
                0x000000000000086b       0x32 /Applications/STM32CubeIDE.app/Contents/Eclipse/plugins/com.st.stm32cube.ide.mcu.externaltools.gnu-tools-for-stm32.7-2018-q2-update.macos64_1.5.0.202011040924/tools/bin/../lib/gcc/arm-none-eabi/7.3.1/../../../../arm-none-eabi/lib/thumb/v7e-m/fpv5/hard/libc_nano.a(lib_a-reent.o)
 .ARM.attributes
                0x000000000000089d       0x20 /Applications/STM32CubeIDE.app/Contents/Eclipse/plugins/com.st.stm32cube.ide.mcu.externaltools.gnu-tools-for-stm32.7-2018-q2-update.macos64_1.5.0.202011040924/tools/bin/../lib/gcc/arm-none-eabi/7.3.1/thumb/v7e-m/fpv5/hard/libgcc.a(_aeabi_uldivmod.o)
 .ARM.attributes
                0x00000000000008bd       0x32 /Applications/STM32CubeIDE.app/Contents/Eclipse/plugins/com.st.stm32cube.ide.mcu.externaltools.gnu-tools-for-stm32.7-2018-q2-update.macos64_1.5.0.202011040924/tools/bin/../lib/gcc/arm-none-eabi/7.3.1/thumb/v7e-m/fpv5/hard/libgcc.a(_udivmoddi4.o)
 .ARM.attributes
                0x00000000000008ef       0x20 /Applications/STM32CubeIDE.app/Contents/Eclipse/plugins/com.st.stm32cube.ide.mcu.externaltools.gnu-tools-for-stm32.7-2018-q2-update.macos64_1.5.0.202011040924/tools/bin/../lib/gcc/arm-none-eabi/7.3.1/thumb/v7e-m/fpv5/hard/libgcc.a(_dvmd_tls.o)
 .ARM.attributes
                0x000000000000090f       0x20 /Applications/STM32CubeIDE.app/Contents/Eclipse/plugins/com.st.stm32cube.ide.mcu.externaltools.gnu-tools-for-stm32.7-2018-q2-update.macos64_1.5.0.202011040924/tools/bin/../lib/gcc/arm-none-eabi/7.3.1/thumb/v7e-m/fpv5/hard/crtn.o
OUTPUT(ZI2Nick.elf elf32-littlearm)

.debug_info     0x0000000000000000    0x2a4f4
 .debug_info    0x0000000000000000     0x1e85 Core/Src/eth.o
 .debug_info    0x0000000000001e85     0x104f Core/Src/gpio.o
 .debug_info    0x0000000000002ed4     0x24c6 Core/Src/main.o
 .debug_info    0x000000000000539a      0xe8f Core/Src/stm32h7xx_hal_msp.o
 .debug_info    0x0000000000006229     0x1015 Core/Src/stm32h7xx_it.o
 .debug_info    0x000000000000723e      0x985 Core/Src/sysmem.o
 .debug_info    0x0000000000007bc3     0x161d Core/Src/system_stm32h7xx.o
 .debug_info    0x00000000000091e0     0x1602 Core/Src/usart.o
 .debug_info    0x000000000000a7e2       0x22 Core/Startup/startup_stm32h743zitx.o
 .debug_info    0x000000000000a804     0x1e3c Drivers/STM32H7xx_HAL_Driver/Src/stm32h7xx_hal.o
 .debug_info    0x000000000000c640     0x1ab0 Drivers/STM32H7xx_HAL_Driver/Src/stm32h7xx_hal_cortex.o
 .debug_info    0x000000000000e0f0     0x2f12 Drivers/STM32H7xx_HAL_Driver/Src/stm32h7xx_hal_eth.o
 .debug_info    0x0000000000011002     0x1666 Drivers/STM32H7xx_HAL_Driver/Src/stm32h7xx_hal_gpio.o
 .debug_info    0x0000000000012668     0x1ab4 Drivers/STM32H7xx_HAL_Driver/Src/stm32h7xx_hal_pcd.o
 .debug_info    0x000000000001411c     0x1217 Drivers/STM32H7xx_HAL_Driver/Src/stm32h7xx_hal_pcd_ex.o
 .debug_info    0x0000000000015333     0x1951 Drivers/STM32H7xx_HAL_Driver/Src/stm32h7xx_hal_pwr_ex.o
 .debug_info    0x0000000000016c84     0x17c7 Drivers/STM32H7xx_HAL_Driver/Src/stm32h7xx_hal_rcc.o
 .debug_info    0x000000000001844b     0x1b37 Drivers/STM32H7xx_HAL_Driver/Src/stm32h7xx_hal_rcc_ex.o
 .debug_info    0x0000000000019f82     0x24aa Drivers/STM32H7xx_HAL_Driver/Src/stm32h7xx_hal_uart.o
 .debug_info    0x000000000001c42c     0x14a9 Drivers/STM32H7xx_HAL_Driver/Src/stm32h7xx_hal_uart_ex.o
 .debug_info    0x000000000001d8d5     0x22a2 Drivers/STM32H7xx_HAL_Driver/Src/stm32h7xx_ll_usb.o
 .debug_info    0x000000000001fb77     0x1990 Middlewares/ST/STM32_USB_Device_Library/Class/CDC/Src/usbd_cdc.o
 .debug_info    0x0000000000021507     0x13c5 Middlewares/ST/STM32_USB_Device_Library/Core/Src/usbd_core.o
 .debug_info    0x00000000000228cc     0x137d Middlewares/ST/STM32_USB_Device_Library/Core/Src/usbd_ctlreq.o
 .debug_info    0x0000000000023c49     0x10c8 Middlewares/ST/STM32_USB_Device_Library/Core/Src/usbd_ioreq.o
 .debug_info    0x0000000000024d11     0x103b USB_DEVICE/App/usb_device.o
 .debug_info    0x0000000000025d4c     0x127d USB_DEVICE/App/usbd_cdc_if.o
 .debug_info    0x0000000000026fc9      0xe57 USB_DEVICE/App/usbd_desc.o
 .debug_info    0x0000000000027e20     0x26d4 USB_DEVICE/Target/usbd_conf.o

.debug_abbrev   0x0000000000000000     0x47e7
 .debug_abbrev  0x0000000000000000      0x25e Core/Src/eth.o
 .debug_abbrev  0x000000000000025e      0x1fd Core/Src/gpio.o
 .debug_abbrev  0x000000000000045b      0x266 Core/Src/main.o
 .debug_abbrev  0x00000000000006c1      0x1e5 Core/Src/stm32h7xx_hal_msp.o
 .debug_abbrev  0x00000000000008a6      0x1f2 Core/Src/stm32h7xx_it.o
 .debug_abbrev  0x0000000000000a98      0x19b Core/Src/sysmem.o
 .debug_abbrev  0x0000000000000c33      0x22e Core/Src/system_stm32h7xx.o
 .debug_abbrev  0x0000000000000e61      0x233 Core/Src/usart.o
 .debug_abbrev  0x0000000000001094       0x12 Core/Startup/startup_stm32h743zitx.o
 .debug_abbrev  0x00000000000010a6      0x2d9 Drivers/STM32H7xx_HAL_Driver/Src/stm32h7xx_hal.o
 .debug_abbrev  0x000000000000137f      0x3b5 Drivers/STM32H7xx_HAL_Driver/Src/stm32h7xx_hal_cortex.o
 .debug_abbrev  0x0000000000001734      0x2e2 Drivers/STM32H7xx_HAL_Driver/Src/stm32h7xx_hal_eth.o
 .debug_abbrev  0x0000000000001a16      0x28f Drivers/STM32H7xx_HAL_Driver/Src/stm32h7xx_hal_gpio.o
 .debug_abbrev  0x0000000000001ca5      0x2f4 Drivers/STM32H7xx_HAL_Driver/Src/stm32h7xx_hal_pcd.o
 .debug_abbrev  0x0000000000001f99      0x2a2 Drivers/STM32H7xx_HAL_Driver/Src/stm32h7xx_hal_pcd_ex.o
 .debug_abbrev  0x000000000000223b      0x311 Drivers/STM32H7xx_HAL_Driver/Src/stm32h7xx_hal_pwr_ex.o
 .debug_abbrev  0x000000000000254c      0x2e2 Drivers/STM32H7xx_HAL_Driver/Src/stm32h7xx_hal_rcc.o
 .debug_abbrev  0x000000000000282e      0x2db Drivers/STM32H7xx_HAL_Driver/Src/stm32h7xx_hal_rcc_ex.o
 .debug_abbrev  0x0000000000002b09      0x2bb Drivers/STM32H7xx_HAL_Driver/Src/stm32h7xx_hal_uart.o
 .debug_abbrev  0x0000000000002dc4      0x26f Drivers/STM32H7xx_HAL_Driver/Src/stm32h7xx_hal_uart_ex.o
 .debug_abbrev  0x0000000000003033      0x30a Drivers/STM32H7xx_HAL_Driver/Src/stm32h7xx_ll_usb.o
 .debug_abbrev  0x000000000000333d      0x2d8 Middlewares/ST/STM32_USB_Device_Library/Class/CDC/Src/usbd_cdc.o
 .debug_abbrev  0x0000000000003615      0x299 Middlewares/ST/STM32_USB_Device_Library/Core/Src/usbd_core.o
 .debug_abbrev  0x00000000000038ae      0x2d6 Middlewares/ST/STM32_USB_Device_Library/Core/Src/usbd_ctlreq.o
 .debug_abbrev  0x0000000000003b84      0x218 Middlewares/ST/STM32_USB_Device_Library/Core/Src/usbd_ioreq.o
 .debug_abbrev  0x0000000000003d9c      0x1f6 USB_DEVICE/App/usb_device.o
 .debug_abbrev  0x0000000000003f92      0x2e6 USB_DEVICE/App/usbd_cdc_if.o
 .debug_abbrev  0x0000000000004278      0x2ac USB_DEVICE/App/usbd_desc.o
 .debug_abbrev  0x0000000000004524      0x2c3 USB_DEVICE/Target/usbd_conf.o

.debug_aranges  0x0000000000000000     0x1330
 .debug_aranges
                0x0000000000000000       0x30 Core/Src/eth.o
 .debug_aranges
                0x0000000000000030       0x20 Core/Src/gpio.o
 .debug_aranges
                0x0000000000000050       0x30 Core/Src/main.o
 .debug_aranges
                0x0000000000000080       0x20 Core/Src/stm32h7xx_hal_msp.o
 .debug_aranges
                0x00000000000000a0       0x68 Core/Src/stm32h7xx_it.o
 .debug_aranges
                0x0000000000000108       0x20 Core/Src/sysmem.o
 .debug_aranges
                0x0000000000000128       0x28 Core/Src/system_stm32h7xx.o
 .debug_aranges
                0x0000000000000150       0x30 Core/Src/usart.o
 .debug_aranges
                0x0000000000000180       0x28 Core/Startup/startup_stm32h743zitx.o
 .debug_aranges
                0x00000000000001a8      0x1b8 Drivers/STM32H7xx_HAL_Driver/Src/stm32h7xx_hal.o
 .debug_aranges
                0x0000000000000360      0x120 Drivers/STM32H7xx_HAL_Driver/Src/stm32h7xx_hal_cortex.o
 .debug_aranges
                0x0000000000000480      0x1b0 Drivers/STM32H7xx_HAL_Driver/Src/stm32h7xx_hal_eth.o
 .debug_aranges
                0x0000000000000630       0x58 Drivers/STM32H7xx_HAL_Driver/Src/stm32h7xx_hal_gpio.o
 .debug_aranges
                0x0000000000000688      0x130 Drivers/STM32H7xx_HAL_Driver/Src/stm32h7xx_hal_pcd.o
 .debug_aranges
                0x00000000000007b8       0x60 Drivers/STM32H7xx_HAL_Driver/Src/stm32h7xx_hal_pcd_ex.o
 .debug_aranges
                0x0000000000000818      0x158 Drivers/STM32H7xx_HAL_Driver/Src/stm32h7xx_hal_pwr_ex.o
 .debug_aranges
                0x0000000000000970       0x88 Drivers/STM32H7xx_HAL_Driver/Src/stm32h7xx_hal_rcc.o
 .debug_aranges
                0x00000000000009f8       0xf8 Drivers/STM32H7xx_HAL_Driver/Src/stm32h7xx_hal_rcc_ex.o
 .debug_aranges
                0x0000000000000af0      0x230 Drivers/STM32H7xx_HAL_Driver/Src/stm32h7xx_hal_uart.o
 .debug_aranges
                0x0000000000000d20       0x88 Drivers/STM32H7xx_HAL_Driver/Src/stm32h7xx_hal_uart_ex.o
 .debug_aranges
                0x0000000000000da8      0x198 Drivers/STM32H7xx_HAL_Driver/Src/stm32h7xx_ll_usb.o
 .debug_aranges
                0x0000000000000f40       0x90 Middlewares/ST/STM32_USB_Device_Library/Class/CDC/Src/usbd_cdc.o
 .debug_aranges
                0x0000000000000fd0       0xb8 Middlewares/ST/STM32_USB_Device_Library/Core/Src/usbd_core.o
 .debug_aranges
                0x0000000000001088       0x90 Middlewares/ST/STM32_USB_Device_Library/Core/Src/usbd_ctlreq.o
 .debug_aranges
                0x0000000000001118       0x50 Middlewares/ST/STM32_USB_Device_Library/Core/Src/usbd_ioreq.o
 .debug_aranges
                0x0000000000001168       0x20 USB_DEVICE/App/usb_device.o
 .debug_aranges
                0x0000000000001188       0x48 USB_DEVICE/App/usbd_cdc_if.o
 .debug_aranges
                0x00000000000011d0       0x60 USB_DEVICE/App/usbd_desc.o
 .debug_aranges
                0x0000000000001230      0x100 USB_DEVICE/Target/usbd_conf.o

.debug_ranges   0x0000000000000000     0x1168
 .debug_ranges  0x0000000000000000       0x20 Core/Src/eth.o
 .debug_ranges  0x0000000000000020       0x10 Core/Src/gpio.o
 .debug_ranges  0x0000000000000030       0x20 Core/Src/main.o
 .debug_ranges  0x0000000000000050       0x10 Core/Src/stm32h7xx_hal_msp.o
 .debug_ranges  0x0000000000000060       0x58 Core/Src/stm32h7xx_it.o
 .debug_ranges  0x00000000000000b8       0x10 Core/Src/sysmem.o
 .debug_ranges  0x00000000000000c8       0x18 Core/Src/system_stm32h7xx.o
 .debug_ranges  0x00000000000000e0       0x20 Core/Src/usart.o
 .debug_ranges  0x0000000000000100       0x20 Core/Startup/startup_stm32h743zitx.o
 .debug_ranges  0x0000000000000120      0x1a8 Drivers/STM32H7xx_HAL_Driver/Src/stm32h7xx_hal.o
 .debug_ranges  0x00000000000002c8      0x110 Drivers/STM32H7xx_HAL_Driver/Src/stm32h7xx_hal_cortex.o
 .debug_ranges  0x00000000000003d8      0x1a0 Drivers/STM32H7xx_HAL_Driver/Src/stm32h7xx_hal_eth.o
 .debug_ranges  0x0000000000000578       0x48 Drivers/STM32H7xx_HAL_Driver/Src/stm32h7xx_hal_gpio.o
 .debug_ranges  0x00000000000005c0      0x120 Drivers/STM32H7xx_HAL_Driver/Src/stm32h7xx_hal_pcd.o
 .debug_ranges  0x00000000000006e0       0x50 Drivers/STM32H7xx_HAL_Driver/Src/stm32h7xx_hal_pcd_ex.o
 .debug_ranges  0x0000000000000730      0x148 Drivers/STM32H7xx_HAL_Driver/Src/stm32h7xx_hal_pwr_ex.o
 .debug_ranges  0x0000000000000878       0x78 Drivers/STM32H7xx_HAL_Driver/Src/stm32h7xx_hal_rcc.o
 .debug_ranges  0x00000000000008f0       0xe8 Drivers/STM32H7xx_HAL_Driver/Src/stm32h7xx_hal_rcc_ex.o
 .debug_ranges  0x00000000000009d8      0x220 Drivers/STM32H7xx_HAL_Driver/Src/stm32h7xx_hal_uart.o
 .debug_ranges  0x0000000000000bf8       0x78 Drivers/STM32H7xx_HAL_Driver/Src/stm32h7xx_hal_uart_ex.o
 .debug_ranges  0x0000000000000c70      0x188 Drivers/STM32H7xx_HAL_Driver/Src/stm32h7xx_ll_usb.o
 .debug_ranges  0x0000000000000df8       0x80 Middlewares/ST/STM32_USB_Device_Library/Class/CDC/Src/usbd_cdc.o
 .debug_ranges  0x0000000000000e78       0xa8 Middlewares/ST/STM32_USB_Device_Library/Core/Src/usbd_core.o
 .debug_ranges  0x0000000000000f20       0x80 Middlewares/ST/STM32_USB_Device_Library/Core/Src/usbd_ctlreq.o
 .debug_ranges  0x0000000000000fa0       0x40 Middlewares/ST/STM32_USB_Device_Library/Core/Src/usbd_ioreq.o